Archive member included to satisfy reference by file (symbol)

/usr/lib/gcc/arm-none-eabi/10.3.1/thumb/v6-m/nofp/libgcc.a(_dvmd_tls.o)
                              CMakeFiles/main.dir/home/bagieta/Desktop/pico-sdk/src/rp2_common/pico_divider/divider.S.obj (__aeabi_idiv0)
/usr/lib/gcc/arm-none-eabi/10.3.1/../../../arm-none-eabi/lib/thumb/v6-m/nofp/libg.a(lib_a-atexit.o)
                              /usr/lib/gcc/arm-none-eabi/10.3.1/../../../arm-none-eabi/lib/thumb/v6-m/nofp/crt0.o (atexit)
/usr/lib/gcc/arm-none-eabi/10.3.1/../../../arm-none-eabi/lib/thumb/v6-m/nofp/libg.a(lib_a-calloc.o)
                              CMakeFiles/main.dir/home/bagieta/Desktop/pico-sdk/src/rp2_common/pico_malloc/pico_malloc.c.obj (calloc)
/usr/lib/gcc/arm-none-eabi/10.3.1/../../../arm-none-eabi/lib/thumb/v6-m/nofp/libg.a(lib_a-callocr.o)
                              /usr/lib/gcc/arm-none-eabi/10.3.1/../../../arm-none-eabi/lib/thumb/v6-m/nofp/libg.a(lib_a-calloc.o) (_calloc_r)
/usr/lib/gcc/arm-none-eabi/10.3.1/../../../arm-none-eabi/lib/thumb/v6-m/nofp/libg.a(lib_a-fini.o)
                              /usr/lib/gcc/arm-none-eabi/10.3.1/../../../arm-none-eabi/lib/thumb/v6-m/nofp/crt0.o (__libc_fini_array)
/usr/lib/gcc/arm-none-eabi/10.3.1/../../../arm-none-eabi/lib/thumb/v6-m/nofp/libg.a(lib_a-impure.o)
                              /usr/lib/gcc/arm-none-eabi/10.3.1/../../../arm-none-eabi/lib/thumb/v6-m/nofp/libg.a(lib_a-calloc.o) (_impure_ptr)
/usr/lib/gcc/arm-none-eabi/10.3.1/../../../arm-none-eabi/lib/thumb/v6-m/nofp/libg.a(lib_a-init.o)
                              /usr/lib/gcc/arm-none-eabi/10.3.1/../../../arm-none-eabi/lib/thumb/v6-m/nofp/crt0.o (__libc_init_array)
/usr/lib/gcc/arm-none-eabi/10.3.1/../../../arm-none-eabi/lib/thumb/v6-m/nofp/libg.a(lib_a-malloc.o)
                              CMakeFiles/main.dir/home/bagieta/Desktop/pico-sdk/src/rp2_common/pico_malloc/pico_malloc.c.obj (malloc)
/usr/lib/gcc/arm-none-eabi/10.3.1/../../../arm-none-eabi/lib/thumb/v6-m/nofp/libg.a(lib_a-mallocr.o)
                              /usr/lib/gcc/arm-none-eabi/10.3.1/../../../arm-none-eabi/lib/thumb/v6-m/nofp/libg.a(lib_a-callocr.o) (_malloc_r)
/usr/lib/gcc/arm-none-eabi/10.3.1/../../../arm-none-eabi/lib/thumb/v6-m/nofp/libg.a(lib_a-mlock.o)
                              /usr/lib/gcc/arm-none-eabi/10.3.1/../../../arm-none-eabi/lib/thumb/v6-m/nofp/libg.a(lib_a-mallocr.o) (__malloc_lock)
/usr/lib/gcc/arm-none-eabi/10.3.1/../../../arm-none-eabi/lib/thumb/v6-m/nofp/libg.a(lib_a-realloc.o)
                              CMakeFiles/main.dir/home/bagieta/Desktop/pico-sdk/src/rp2_common/pico_malloc/pico_malloc.c.obj (realloc)
/usr/lib/gcc/arm-none-eabi/10.3.1/../../../arm-none-eabi/lib/thumb/v6-m/nofp/libg.a(lib_a-reallocr.o)
                              /usr/lib/gcc/arm-none-eabi/10.3.1/../../../arm-none-eabi/lib/thumb/v6-m/nofp/libg.a(lib_a-realloc.o) (_realloc_r)
/usr/lib/gcc/arm-none-eabi/10.3.1/../../../arm-none-eabi/lib/thumb/v6-m/nofp/libg.a(lib_a-sbrkr.o)
                              /usr/lib/gcc/arm-none-eabi/10.3.1/../../../arm-none-eabi/lib/thumb/v6-m/nofp/libg.a(lib_a-mallocr.o) (_sbrk_r)
/usr/lib/gcc/arm-none-eabi/10.3.1/../../../arm-none-eabi/lib/thumb/v6-m/nofp/libg.a(lib_a-strlen-stub.o)
                              CMakeFiles/main.dir/home/bagieta/Desktop/pico-sdk/src/rp2_common/pico_stdio/stdio.c.obj (strlen)
/usr/lib/gcc/arm-none-eabi/10.3.1/../../../arm-none-eabi/lib/thumb/v6-m/nofp/libg.a(lib_a-__atexit.o)
                              /usr/lib/gcc/arm-none-eabi/10.3.1/../../../arm-none-eabi/lib/thumb/v6-m/nofp/libg.a(lib_a-atexit.o) (__register_exitproc)
/usr/lib/gcc/arm-none-eabi/10.3.1/../../../arm-none-eabi/lib/thumb/v6-m/nofp/libg.a(lib_a-freer.o)
                              /usr/lib/gcc/arm-none-eabi/10.3.1/../../../arm-none-eabi/lib/thumb/v6-m/nofp/libg.a(lib_a-malloc.o) (_free_r)
/usr/lib/gcc/arm-none-eabi/10.3.1/../../../arm-none-eabi/lib/thumb/v6-m/nofp/libg.a(lib_a-memmove.o)
                              /usr/lib/gcc/arm-none-eabi/10.3.1/../../../arm-none-eabi/lib/thumb/v6-m/nofp/libg.a(lib_a-reallocr.o) (memmove)
/usr/lib/gcc/arm-none-eabi/10.3.1/../../../arm-none-eabi/lib/thumb/v6-m/nofp/libg.a(lib_a-reent.o)
                              /usr/lib/gcc/arm-none-eabi/10.3.1/../../../arm-none-eabi/lib/thumb/v6-m/nofp/libg.a(lib_a-sbrkr.o) (errno)

Discarded input sections

 .text          0x0000000000000000        0x0 /usr/lib/gcc/arm-none-eabi/10.3.1/thumb/v6-m/nofp/crti.o
 .data          0x0000000000000000        0x0 /usr/lib/gcc/arm-none-eabi/10.3.1/thumb/v6-m/nofp/crti.o
 .bss           0x0000000000000000        0x0 /usr/lib/gcc/arm-none-eabi/10.3.1/thumb/v6-m/nofp/crti.o
 .data          0x0000000000000000        0x4 /usr/lib/gcc/arm-none-eabi/10.3.1/thumb/v6-m/nofp/crtbegin.o
 .rodata        0x0000000000000000       0x24 /usr/lib/gcc/arm-none-eabi/10.3.1/thumb/v6-m/nofp/crtbegin.o
 .fini_array    0x0000000000000000        0x4 /usr/lib/gcc/arm-none-eabi/10.3.1/thumb/v6-m/nofp/crtbegin.o
[...]
Memory Configuration

Name             Origin             Length             Attributes
FLASH            0x0000000010000000 0x0000000000200000 xr
RAM              0x0000000020000000 0x0000000000040000 xrw
SCRATCH_X        0x0000000020040000 0x0000000000001000 xrw
SCRATCH_Y        0x0000000020041000 0x0000000000001000 xrw
*default*        0x0000000000000000 0xffffffffffffffff

Linker script and memory map

LOAD /usr/lib/gcc/arm-none-eabi/10.3.1/thumb/v6-m/nofp/crti.o
LOAD /usr/lib/gcc/arm-none-eabi/10.3.1/thumb/v6-m/nofp/crtbegin.o
LOAD /usr/lib/gcc/arm-none-eabi/10.3.1/../../../arm-none-eabi/lib/thumb/v6-m/nofp/crt0.o

.flash_begin    0x0000000010000000        0x0
                0x0000000010000000                __flash_binary_start = .

.boot2          0x0000000010000000      0x100
                0x0000000010000000                __boot2_start__ = .
 *(.boot2)
 .boot2         0x0000000010000000      0x100 /tmp/ccod69E4.o
                0x0000000010000100                __boot2_end__ = .
                0x0000000000000001                ASSERT (((__boot2_end__ - __boot2_start__) == 0x100), ERROR: Pico second stage bootloader must be 256 bytes in size)

.text           0x0000000010000100     0x4768
                0x0000000010000100                __logical_binary_start = .
 *(.vectors)
 .vectors       0x0000000010000100       0xd4 CMakeFiles/main.dir/home/bagieta/Desktop/pico-sdk/src/rp2_common/pico_standard_link/crt0.S.obj
                0x0000000010000100                __vectors
                0x0000000010000100                __VECTOR_TABLE
                0x00000000100001c0                isr_invalid
                0x00000000100001c0                __default_isrs_start
                0x00000000100001c2                isr_nmi
                0x00000000100001c4                isr_hardfault
                0x00000000100001c6                isr_svcall
                0x00000000100001c8                isr_pendsv
                0x00000000100001ca                isr_systick
                0x00000000100001cc                isr_irq30
                0x00000000100001cc                __unhandled_user_irq
                0x00000000100001cc                isr_irq13
                0x00000000100001cc                isr_irq27
                0x00000000100001cc                isr_irq31
                0x00000000100001cc                isr_irq5
                0x00000000100001cc                isr_irq11
                0x00000000100001cc                isr_irq23
                0x00000000100001cc                isr_irq18
                0x00000000100001cc                isr_irq28
                0x00000000100001cc                isr_irq19
                0x00000000100001cc                isr_irq0
                0x00000000100001cc                isr_irq6
                0x00000000100001cc                isr_irq22
                0x00000000100001cc                isr_irq17
                0x00000000100001cc                isr_irq14
                0x00000000100001cc                isr_irq2
                0x00000000100001cc                isr_irq10
                0x00000000100001cc                isr_irq8
                0x00000000100001cc                isr_irq24
                0x00000000100001cc                isr_irq1
                0x00000000100001cc                isr_irq7
                0x00000000100001cc                isr_irq21
                0x00000000100001cc                isr_irq20
                0x00000000100001cc                isr_irq15
                0x00000000100001cc                isr_irq25
                0x00000000100001cc                isr_irq4
                0x00000000100001cc                isr_irq16
                0x00000000100001cc                isr_irq29
                0x00000000100001cc                isr_irq26
                0x00000000100001cc                __default_isrs_end
                0x00000000100001cc                isr_irq3
                0x00000000100001cc                isr_irq12
                0x00000000100001cc                isr_irq9
                0x00000000100001d2                unhandled_user_irq_num_in_r0
 *(.binary_info_header)
 .binary_info_header
                0x00000000100001d4       0x14 CMakeFiles/main.dir/home/bagieta/Desktop/pico-sdk/src/rp2_common/pico_standard_link/crt0.S.obj
                0x00000000100001e8                __binary_info_header_end = .
 *(.reset)
 .reset         0x00000000100001e8       0xa0 CMakeFiles/main.dir/home/bagieta/Desktop/pico-sdk/src/rp2_common/pico_standard_link/crt0.S.obj
                0x00000000100001e8                _entry_point
 .reset         0x0000000010000288       0x30 CMakeFiles/main.dir/home/bagieta/Desktop/pico-sdk/src/rp2_common/pico_standard_link/binary_info.c.obj
 *(.init)
 .init          0x00000000100002b8        0x4 /usr/lib/gcc/arm-none-eabi/10.3.1/thumb/v6-m/nofp/crti.o
                0x00000000100002b8                _init
 *(EXCLUDE_FILE(*libm.a: *libc.a:*lib_a-mem*.o *libgcc.a:) .text*)
 .text          0x00000000100002bc       0x98 /usr/lib/gcc/arm-none-eabi/10.3.1/thumb/v6-m/nofp/crtbegin.o
 .text.main     0x0000000010000354       0xb8 CMakeFiles/main.dir/main.cpp.obj
                0x0000000010000354                main
 .text.gpio_set_function
                0x000000001000040c       0x30 CMakeFiles/main.dir/home/bagieta/Desktop/pico-sdk/src/rp2_common/hardware_gpio/gpio.c.obj
                0x000000001000040c                gpio_set_function
 .text.gpio_set_pulls
                0x000000001000043c       0x34 CMakeFiles/main.dir/home/bagieta/Desktop/pico-sdk/src/rp2_common/hardware_gpio/gpio.c.obj
                0x000000001000043c                gpio_set_pulls
 .text.gpio_set_input_enabled
                0x0000000010000470       0x30 CMakeFiles/main.dir/home/bagieta/Desktop/pico-sdk/src/rp2_common/hardware_gpio/gpio.c.obj
                0x0000000010000470                gpio_set_input_enabled
 .text.gpio_init
                0x00000000100004a0       0x16 CMakeFiles/main.dir/home/bagieta/Desktop/pico-sdk/src/rp2_common/hardware_gpio/gpio.c.obj
                0x00000000100004a0                gpio_init
 *fill*         0x00000000100004b6        0x2 
 .text.running_on_fpga
                0x00000000100004b8       0x14 CMakeFiles/main.dir/home/bagieta/Desktop/pico-sdk/src/rp2_common/pico_platform/platform.c.obj
                0x00000000100004b8                running_on_fpga
 .text.hw_claim_lock
                0x00000000100004cc       0x18 CMakeFiles/main.dir/home/bagieta/Desktop/pico-sdk/src/rp2_common/hardware_claim/claim.c.obj
                0x00000000100004cc                hw_claim_lock
 .text.hw_claim_unlock
                0x00000000100004e4       0x14 CMakeFiles/main.dir/home/bagieta/Desktop/pico-sdk/src/rp2_common/hardware_claim/claim.c.obj
                0x00000000100004e4                hw_claim_unlock
 .text.hw_claim_or_assert
                0x00000000100004f8       0x32 CMakeFiles/main.dir/home/bagieta/Desktop/pico-sdk/src/rp2_common/hardware_claim/claim.c.obj
                0x00000000100004f8                hw_claim_or_assert
 *fill*         0x000000001000052a        0x2 
 .text.spin_locks_reset
                0x000000001000052c       0x20 CMakeFiles/main.dir/home/bagieta/Desktop/pico-sdk/src/rp2_common/hardware_sync/sync.c.obj
                0x000000001000052c                spin_locks_reset
 .text.next_striped_spin_lock_num
                0x000000001000054c       0x1c CMakeFiles/main.dir/home/bagieta/Desktop/pico-sdk/src/rp2_common/hardware_sync/sync.c.obj
                0x000000001000054c                next_striped_spin_lock_num
 .text.set_raw_irq_handler_and_unlock
                0x0000000010000568       0x28 CMakeFiles/main.dir/home/bagieta/Desktop/pico-sdk/src/rp2_common/hardware_irq/irq.c.obj
 .text.make_branch
                0x0000000010000590       0x48 CMakeFiles/main.dir/home/bagieta/Desktop/pico-sdk/src/rp2_common/hardware_irq/irq.c.obj
 .text.insert_branch_and_link
                0x00000000100005d8       0x40 CMakeFiles/main.dir/home/bagieta/Desktop/pico-sdk/src/rp2_common/hardware_irq/irq.c.obj
 .text.irq_is_enabled
                0x0000000010000618       0x18 CMakeFiles/main.dir/home/bagieta/Desktop/pico-sdk/src/rp2_common/hardware_irq/irq.c.obj
                0x0000000010000618                irq_is_enabled
 .text.irq_set_mask_enabled
                0x0000000010000630       0x20 CMakeFiles/main.dir/home/bagieta/Desktop/pico-sdk/src/rp2_common/hardware_irq/irq.c.obj
                0x0000000010000630                irq_set_mask_enabled
 .text.irq_set_enabled
                0x0000000010000650        0xe CMakeFiles/main.dir/home/bagieta/Desktop/pico-sdk/src/rp2_common/hardware_irq/irq.c.obj
                0x0000000010000650                irq_set_enabled
 *fill*         0x000000001000065e        0x2 
 .text.irq_get_vtable_handler
                0x0000000010000660       0x10 CMakeFiles/main.dir/home/bagieta/Desktop/pico-sdk/src/rp2_common/hardware_irq/irq.c.obj
                0x0000000010000660                irq_get_vtable_handler
 .text.irq_set_exclusive_handler
                0x0000000010000670       0x54 CMakeFiles/main.dir/home/bagieta/Desktop/pico-sdk/src/rp2_common/hardware_irq/irq.c.obj
                0x0000000010000670                irq_set_exclusive_handler
 .text.irq_remove_handler
                0x00000000100006c4      0x1ac CMakeFiles/main.dir/home/bagieta/Desktop/pico-sdk/src/rp2_common/hardware_irq/irq.c.obj
                0x00000000100006c4                irq_remove_handler
 .text.irq_add_tail_to_free_list
                0x0000000010000870       0xf0 CMakeFiles/main.dir/home/bagieta/Desktop/pico-sdk/src/rp2_common/hardware_irq/irq.c.obj
                0x0000000010000870                irq_add_tail_to_free_list
 .text.irq_init_priorities
                0x0000000010000960       0x1c CMakeFiles/main.dir/home/bagieta/Desktop/pico-sdk/src/rp2_common/hardware_irq/irq.c.obj
                0x0000000010000960                irq_init_priorities
 .text.lock_init
                0x000000001000097c       0x10 CMakeFiles/main.dir/home/bagieta/Desktop/pico-sdk/src/common/pico_sync/lock_core.c.obj
                0x000000001000097c                lock_init
 .text.mutex_init
                0x000000001000098c       0x1a CMakeFiles/main.dir/home/bagieta/Desktop/pico-sdk/src/common/pico_sync/mutex.c.obj
                0x000000001000098c                mutex_init
 .text.recursive_mutex_init
                0x00000000100009a6       0x1e CMakeFiles/main.dir/home/bagieta/Desktop/pico-sdk/src/common/pico_sync/mutex.c.obj
                0x00000000100009a6                recursive_mutex_init
 .text.alarm_pool_post_alloc_init
                0x00000000100009c4       0x40 CMakeFiles/main.dir/home/bagieta/Desktop/pico-sdk/src/common/pico_time/time.c.obj
 .text.sleep_until_callback
                0x0000000010000a04       0x30 CMakeFiles/main.dir/home/bagieta/Desktop/pico-sdk/src/common/pico_time/time.c.obj
 .text.timer_pool_entry_comparator
                0x0000000010000a34       0x7c CMakeFiles/main.dir/home/bagieta/Desktop/pico-sdk/src/common/pico_time/time.c.obj
                0x0000000010000a34                timer_pool_entry_comparator
 .text.ph_add_child_node
                0x0000000010000ab0       0xa4 CMakeFiles/main.dir/home/bagieta/Desktop/pico-sdk/src/common/pico_time/time.c.obj
 .text.ph_merge_nodes
                0x0000000010000b54       0x3e CMakeFiles/main.dir/home/bagieta/Desktop/pico-sdk/src/common/pico_time/time.c.obj
 *fill*         0x0000000010000b92        0x2 
 .text.add_alarm_under_lock
                0x0000000010000b94      0x174 CMakeFiles/main.dir/home/bagieta/Desktop/pico-sdk/src/common/pico_time/time.c.obj
 .text.alarm_pool_alarm_callback
                0x0000000010000d08      0x33c CMakeFiles/main.dir/home/bagieta/Desktop/pico-sdk/src/common/pico_time/time.c.obj
 .text.alarm_pool_init_default
                0x0000000010001044       0x40 CMakeFiles/main.dir/home/bagieta/Desktop/pico-sdk/src/common/pico_time/time.c.obj
                0x0000000010001044                alarm_pool_init_default
 .text.alarm_pool_get_default
                0x0000000010001084       0x2c CMakeFiles/main.dir/home/bagieta/Desktop/pico-sdk/src/common/pico_time/time.c.obj
                0x0000000010001084                alarm_pool_get_default
 .text.alarm_pool_add_alarm_at
                0x00000000100010b0      0x168 CMakeFiles/main.dir/home/bagieta/Desktop/pico-sdk/src/common/pico_time/time.c.obj
                0x00000000100010b0                alarm_pool_add_alarm_at
 .text.alarm_pool_cancel_alarm
                0x0000000010001218       0xf8 CMakeFiles/main.dir/home/bagieta/Desktop/pico-sdk/src/common/pico_time/time.c.obj
                0x0000000010001218                alarm_pool_cancel_alarm
 .text.sleep_until
                0x0000000010001310       0xfc CMakeFiles/main.dir/home/bagieta/Desktop/pico-sdk/src/common/pico_time/time.c.obj
                0x0000000010001310                sleep_until
 .text.sleep_us
                0x000000001000140c       0x58 CMakeFiles/main.dir/home/bagieta/Desktop/pico-sdk/src/common/pico_time/time.c.obj
                0x000000001000140c                sleep_us
 .text.sleep_ms
                0x0000000010001464       0x14 CMakeFiles/main.dir/home/bagieta/Desktop/pico-sdk/src/common/pico_time/time.c.obj
                0x0000000010001464                sleep_ms
 .text.best_effort_wfe_or_timeout
                0x0000000010001478       0xac CMakeFiles/main.dir/home/bagieta/Desktop/pico-sdk/src/common/pico_time/time.c.obj
                0x0000000010001478                best_effort_wfe_or_timeout
 .text.hardware_alarm_irq_handler
                0x0000000010001524       0x90 CMakeFiles/main.dir/home/bagieta/Desktop/pico-sdk/src/rp2_common/hardware_timer/timer.c.obj
 .text.hardware_alarm_claim
                0x00000000100015b4       0x18 CMakeFiles/main.dir/home/bagieta/Desktop/pico-sdk/src/rp2_common/hardware_timer/timer.c.obj
                0x00000000100015b4                hardware_alarm_claim
 .text.time_us_64
                0x00000000100015cc       0x18 CMakeFiles/main.dir/home/bagieta/Desktop/pico-sdk/src/rp2_common/hardware_timer/timer.c.obj
                0x00000000100015cc                time_us_64
 .text.busy_wait_until
                0x00000000100015e4       0x28 CMakeFiles/main.dir/home/bagieta/Desktop/pico-sdk/src/rp2_common/hardware_timer/timer.c.obj
                0x00000000100015e4                busy_wait_until
 .text.busy_wait_us
                0x000000001000160c       0x48 CMakeFiles/main.dir/home/bagieta/Desktop/pico-sdk/src/rp2_common/hardware_timer/timer.c.obj
                0x000000001000160c                busy_wait_us
 .text.hardware_alarm_set_callback
                0x0000000010001654       0x90 CMakeFiles/main.dir/home/bagieta/Desktop/pico-sdk/src/rp2_common/hardware_timer/timer.c.obj
                0x0000000010001654                hardware_alarm_set_callback
 .text.hardware_alarm_set_target
                0x00000000100016e4       0xe8 CMakeFiles/main.dir/home/bagieta/Desktop/pico-sdk/src/rp2_common/hardware_timer/timer.c.obj
                0x00000000100016e4                hardware_alarm_set_target
 .text.hardware_alarm_cancel
                0x00000000100017cc       0x40 CMakeFiles/main.dir/home/bagieta/Desktop/pico-sdk/src/rp2_common/hardware_timer/timer.c.obj
                0x00000000100017cc                hardware_alarm_cancel
 .text.ph_add_child_node
                0x000000001000180c       0xa4 CMakeFiles/main.dir/home/bagieta/Desktop/pico-sdk/src/common/pico_util/pheap.c.obj
 .text.ph_merge_nodes
                0x00000000100018b0       0x3e CMakeFiles/main.dir/home/bagieta/Desktop/pico-sdk/src/common/pico_util/pheap.c.obj
 *fill*         0x00000000100018ee        0x2 
 .text.ph_clear
                0x00000000100018f0       0x70 CMakeFiles/main.dir/home/bagieta/Desktop/pico-sdk/src/common/pico_util/pheap.c.obj
                0x00000000100018f0                ph_clear
 .text.ph_post_alloc_init
                0x0000000010001960        0xe CMakeFiles/main.dir/home/bagieta/Desktop/pico-sdk/src/common/pico_util/pheap.c.obj
                0x0000000010001960                ph_post_alloc_init
 *fill*         0x000000001000196e        0x2 
 .text.ph_merge_two_pass
                0x0000000010001970       0xa8 CMakeFiles/main.dir/home/bagieta/Desktop/pico-sdk/src/common/pico_util/pheap.c.obj
                0x0000000010001970                ph_merge_two_pass
 .text.ph_remove_any_head
                0x0000000010001a18      0x128 CMakeFiles/main.dir/home/bagieta/Desktop/pico-sdk/src/common/pico_util/pheap.c.obj
 .text.ph_remove_head
                0x0000000010001b40       0x14 CMakeFiles/main.dir/home/bagieta/Desktop/pico-sdk/src/common/pico_util/pheap.c.obj
                0x0000000010001b40                ph_remove_head
 .text.ph_remove_and_free_node
                0x0000000010001b54       0xf8 CMakeFiles/main.dir/home/bagieta/Desktop/pico-sdk/src/common/pico_util/pheap.c.obj
                0x0000000010001b54                ph_remove_and_free_node
 .text.uart_disable_before_lcr_write
                0x0000000010001c4c       0x48 CMakeFiles/main.dir/home/bagieta/Desktop/pico-sdk/src/rp2_common/hardware_uart/uart.c.obj
 .text.uart_write_lcr_bits_masked
                0x0000000010001c94       0x22 CMakeFiles/main.dir/home/bagieta/Desktop/pico-sdk/src/rp2_common/hardware_uart/uart.c.obj
 *fill*         0x0000000010001cb6        0x2 
 .text.uart_set_baudrate
                0x0000000010001cb8       0x5c CMakeFiles/main.dir/home/bagieta/Desktop/pico-sdk/src/rp2_common/hardware_uart/uart.c.obj
                0x0000000010001cb8                uart_set_baudrate
 .text.uart_set_format
                0x0000000010001d14       0x2c CMakeFiles/main.dir/home/bagieta/Desktop/pico-sdk/src/rp2_common/hardware_uart/uart.c.obj
                0x0000000010001d14                uart_set_format
 .text.uart_set_translate_crlf
                0x0000000010001d40       0x28 CMakeFiles/main.dir/home/bagieta/Desktop/pico-sdk/src/rp2_common/hardware_uart/uart.c.obj
                0x0000000010001d40                uart_set_translate_crlf
 .text.uart_init
                0x0000000010001d68       0x80 CMakeFiles/main.dir/home/bagieta/Desktop/pico-sdk/src/rp2_common/hardware_uart/uart.c.obj
                0x0000000010001d68                uart_init
 .text.clock_configure
                0x0000000010001de8      0x108 CMakeFiles/main.dir/home/bagieta/Desktop/pico-sdk/src/rp2_common/hardware_clocks/clocks.c.obj
                0x0000000010001de8                clock_configure
 .text.clocks_init
                0x0000000010001ef0      0x100 CMakeFiles/main.dir/home/bagieta/Desktop/pico-sdk/src/rp2_common/hardware_clocks/clocks.c.obj
                0x0000000010001ef0                clocks_init
 .text.clock_get_hz
                0x0000000010001ff0        0xc CMakeFiles/main.dir/home/bagieta/Desktop/pico-sdk/src/rp2_common/hardware_clocks/clocks.c.obj
                0x0000000010001ff0                clock_get_hz
 .text.pll_init
                0x0000000010001ffc      0x120 CMakeFiles/main.dir/home/bagieta/Desktop/pico-sdk/src/rp2_common/hardware_pll/pll.c.obj
                0x0000000010001ffc                pll_init
 .text.watchdog_start_tick
                0x000000001000211c       0x10 CMakeFiles/main.dir/home/bagieta/Desktop/pico-sdk/src/rp2_common/hardware_watchdog/watchdog.c.obj
                0x000000001000211c                watchdog_start_tick
 .text.xosc_init
                0x000000001000212c       0x28 CMakeFiles/main.dir/home/bagieta/Desktop/pico-sdk/src/rp2_common/hardware_xosc/xosc.c.obj
                0x000000001000212c                xosc_init
 .text._exit    0x0000000010002154        0x4 CMakeFiles/main.dir/home/bagieta/Desktop/pico-sdk/src/rp2_common/pico_runtime/runtime.c.obj
                0x0000000010002154                _exit
 .text.exit     0x0000000010002158        0x6 CMakeFiles/main.dir/home/bagieta/Desktop/pico-sdk/src/rp2_common/pico_runtime/runtime.c.obj
                0x0000000010002158                exit
 *fill*         0x000000001000215e        0x2 
 .text.__assert_func
                0x0000000010002160       0x3c CMakeFiles/main.dir/home/bagieta/Desktop/pico-sdk/src/rp2_common/pico_runtime/runtime.c.obj
                0x0000000010002160                __assert_func
 .text.runtime_init
                0x000000001000219c       0xf8 CMakeFiles/main.dir/home/bagieta/Desktop/pico-sdk/src/rp2_common/pico_runtime/runtime.c.obj
                0x000000001000219c                runtime_init
 .text.panic    0x0000000010002294       0x30 CMakeFiles/main.dir/home/bagieta/Desktop/pico-sdk/src/rp2_common/pico_runtime/runtime.c.obj
                0x0000000010002294                panic
 .text._out_null
                0x00000000100022c4        0x2 CMakeFiles/main.dir/home/bagieta/Desktop/pico-sdk/src/rp2_common/pico_printf/printf.c.obj
 .text._out_fct
                0x00000000100022c6        0xe CMakeFiles/main.dir/home/bagieta/Desktop/pico-sdk/src/rp2_common/pico_printf/printf.c.obj
 .text._atoi    0x00000000100022d4       0x24 CMakeFiles/main.dir/home/bagieta/Desktop/pico-sdk/src/rp2_common/pico_printf/printf.c.obj
 .text._out_rev
                0x00000000100022f8       0xae CMakeFiles/main.dir/home/bagieta/Desktop/pico-sdk/src/rp2_common/pico_printf/printf.c.obj
 .text._ntoa_format
                0x00000000100023a6      0x112 CMakeFiles/main.dir/home/bagieta/Desktop/pico-sdk/src/rp2_common/pico_printf/printf.c.obj
 .text._ntoa_long
                0x00000000100024b8       0xbc CMakeFiles/main.dir/home/bagieta/Desktop/pico-sdk/src/rp2_common/pico_printf/printf.c.obj
 .text._ntoa_long_long
                0x0000000010002574       0xe2 CMakeFiles/main.dir/home/bagieta/Desktop/pico-sdk/src/rp2_common/pico_printf/printf.c.obj
 *fill*         0x0000000010002656        0x2 
 .text._etoa    0x0000000010002658      0x414 CMakeFiles/main.dir/home/bagieta/Desktop/pico-sdk/src/rp2_common/pico_printf/printf.c.obj
 .text._ftoa    0x0000000010002a6c      0x354 CMakeFiles/main.dir/home/bagieta/Desktop/pico-sdk/src/rp2_common/pico_printf/printf.c.obj
 .text._vsnprintf
                0x0000000010002dc0      0x624 CMakeFiles/main.dir/home/bagieta/Desktop/pico-sdk/src/rp2_common/pico_printf/printf.c.obj
 .text.vfctprintf
                0x00000000100033e4       0x20 CMakeFiles/main.dir/home/bagieta/Desktop/pico-sdk/src/rp2_common/pico_printf/printf.c.obj
                0x00000000100033e4                vfctprintf
 .text          0x0000000010003404       0x10 CMakeFiles/main.dir/home/bagieta/Desktop/pico-sdk/src/rp2_common/pico_bit_ops/bit_ops_aeabi.S.obj
 .text.rom_func_lookup
                0x0000000010003414       0x10 CMakeFiles/main.dir/home/bagieta/Desktop/pico-sdk/src/rp2_common/pico_bootrom/bootrom.c.obj
                0x0000000010003414                rom_func_lookup
 .text.rom_data_lookup
                0x0000000010003424       0x10 CMakeFiles/main.dir/home/bagieta/Desktop/pico-sdk/src/rp2_common/pico_bootrom/bootrom.c.obj
                0x0000000010003424                rom_data_lookup
 .text.rom_funcs_lookup
                0x0000000010003434       0x36 CMakeFiles/main.dir/home/bagieta/Desktop/pico-sdk/src/rp2_common/pico_bootrom/bootrom.c.obj
                0x0000000010003434                rom_funcs_lookup
 *fill*         0x000000001000346a        0x2 
 .text.__wrap___aeabi_idiv
                0x000000001000346c       0x50 CMakeFiles/main.dir/home/bagieta/Desktop/pico-sdk/src/rp2_common/pico_divider/divider.S.obj
                0x000000001000346c                __wrap___aeabi_idivmod
                0x000000001000346c                divmod_s32s32
                0x000000001000346c                div_s32s32
                0x000000001000346c                __wrap___aeabi_idiv
                0x0000000010003474                divmod_s32s32_unsafe
                0x00000000100034a0                divmod_s32s32_savestate
 .text.__wrap___aeabi_uidiv
                0x00000000100034bc       0x4c CMakeFiles/main.dir/home/bagieta/Desktop/pico-sdk/src/rp2_common/pico_divider/divider.S.obj
                0x00000000100034bc                __wrap___aeabi_uidiv
                0x00000000100034bc                __wrap___aeabi_uidivmod
                0x00000000100034bc                div_u32u32
                0x00000000100034bc                divmod_u32u32
                0x00000000100034c4                divmod_u32u32_unsafe
                0x00000000100034ec                divmod_u32u32_savestate
 .text.__wrap___aeabi_ldiv
                0x0000000010003508      0x424 CMakeFiles/main.dir/home/bagieta/Desktop/pico-sdk/src/rp2_common/pico_divider/divider.S.obj
                0x0000000010003508                div_s64s64
                0x0000000010003508                divmod_s64s64
                0x0000000010003508                __wrap___aeabi_ldivmod
                0x0000000010003538                div_u64u64
                0x0000000010003538                divmod_u64u64
                0x0000000010003538                __wrap___aeabi_uldivmod
                0x0000000010003548                divmod_u64u64_savestate
                0x0000000010003568                divmod_s64s64_unsafe
                0x00000000100035f0                divmod_u64u64_unsafe
 .text.__wrap___aeabi_darithmetic
                0x000000001000392c       0x80 CMakeFiles/main.dir/home/bagieta/Desktop/pico-sdk/src/rp2_common/pico_double/double_aeabi.S.obj
                0x000000001000392c                __wrap___aeabi_drsub
                0x0000000010003932                __wrap___aeabi_dsub
                0x0000000010003944                __wrap___aeabi_dadd
                0x0000000010003956                __wrap___aeabi_ddiv
                0x0000000010003992                __wrap___aeabi_dmul
 .text.__wrap___aeabi_cdcmple
                0x00000000100039ac       0x6c CMakeFiles/main.dir/home/bagieta/Desktop/pico-sdk/src/rp2_common/pico_double/double_aeabi.S.obj
                0x00000000100039ac                __wrap___aeabi_cdrcmple
                0x00000000100039bc                __wrap___aeabi_cdcmple
                0x00000000100039bc                __wrap___aeabi_cdcmpeq
 .text.__wrap___aeabi_dcmplt
                0x0000000010003a18        0xc CMakeFiles/main.dir/home/bagieta/Desktop/pico-sdk/src/rp2_common/pico_double/double_aeabi.S.obj
                0x0000000010003a18                __wrap___aeabi_dcmplt
 .text.__wrap___aeabi_dcmple
                0x0000000010003a24       0x10 CMakeFiles/main.dir/home/bagieta/Desktop/pico-sdk/src/rp2_common/pico_double/double_aeabi.S.obj
                0x0000000010003a24                __wrap___aeabi_dcmple
 .text.__wrap___aeabi_dcmpge
                0x0000000010003a34       0x10 CMakeFiles/main.dir/home/bagieta/Desktop/pico-sdk/src/rp2_common/pico_double/double_aeabi.S.obj
                0x0000000010003a34                __wrap___aeabi_dcmpge
 .text.__wrap___aeabi_dcmpgt
                0x0000000010003a44        0xa CMakeFiles/main.dir/home/bagieta/Desktop/pico-sdk/src/rp2_common/pico_double/double_aeabi.S.obj
                0x0000000010003a44                __wrap___aeabi_dcmpgt
 .text.__wrap___aeabi_dcmpun
                0x0000000010003a4e       0x1c CMakeFiles/main.dir/home/bagieta/Desktop/pico-sdk/src/rp2_common/pico_double/double_aeabi.S.obj
                0x0000000010003a4e                __wrap___aeabi_dcmpun
 *fill*         0x0000000010003a6a        0x2 
 .text.__wrap___aeabi_i2d
                0x0000000010003a6c       0x38 CMakeFiles/main.dir/home/bagieta/Desktop/pico-sdk/src/rp2_common/pico_double/double_aeabi.S.obj
                0x0000000010003a6c                __wrap___aeabi_ui2d
                0x0000000010003a74                __wrap___aeabi_i2d
 .text.__wrap___aeabi_d2iz
                0x0000000010003aa4       0x48 CMakeFiles/main.dir/home/bagieta/Desktop/pico-sdk/src/rp2_common/pico_double/double_aeabi.S.obj
                0x0000000010003aa4                __wrap___aeabi_d2iz
                0x0000000010003aa4                double2int_z
 .text.__wrap___aeabi_d2uiz
                0x0000000010003aec       0x18 CMakeFiles/main.dir/home/bagieta/Desktop/pico-sdk/src/rp2_common/pico_double/double_aeabi.S.obj
                0x0000000010003aec                double2uint
                0x0000000010003aec                __wrap___aeabi_d2uiz
 .text.__aeabi_double_init
                0x0000000010003b04       0xc8 CMakeFiles/main.dir/home/bagieta/Desktop/pico-sdk/src/rp2_common/pico_double/double_init_rom.c.obj
                0x0000000010003b04                __aeabi_double_init
 .text.double_table_shim_on_use_helper
                0x0000000010003bcc       0x34 CMakeFiles/main.dir/home/bagieta/Desktop/pico-sdk/src/rp2_common/pico_double/double_v1_rom_shim.S.obj
                0x0000000010003bcc                double_table_shim_on_use_helper
 .text.__wrap___aeabi_dsub
                0x0000000010003c00       0x10 CMakeFiles/main.dir/home/bagieta/Desktop/pico-sdk/src/rp2_common/pico_double/double_v1_rom_shim.S.obj
                0x0000000010003c00                drsub_shim
                0x0000000010003c06                dsub_shim
 .text.dadd_shim
                0x0000000010003c10      0x15c CMakeFiles/main.dir/home/bagieta/Desktop/pico-sdk/src/rp2_common/pico_double/double_v1_rom_shim.S.obj
                0x0000000010003c10                dadd_shim
 .text.dmul_shim
                0x0000000010003d6c      0x15c CMakeFiles/main.dir/home/bagieta/Desktop/pico-sdk/src/rp2_common/pico_double/double_v1_rom_shim.S.obj
                0x0000000010003d6c                dmul_shim
 .text.ddiv_shim
                0x0000000010003ec8      0x1b0 CMakeFiles/main.dir/home/bagieta/Desktop/pico-sdk/src/rp2_common/pico_double/double_v1_rom_shim.S.obj
                0x0000000010003ec8                ddiv_shim
 .text.double2uint_shim
                0x0000000010004078        0xe CMakeFiles/main.dir/home/bagieta/Desktop/pico-sdk/src/rp2_common/pico_double/double_v1_rom_shim.S.obj
                0x0000000010004078                double2uint_shim
                0x000000001000407a                double2ufix_shim
 *fill*         0x0000000010004086        0x2 
 .text.double2uint64_shim
                0x0000000010004088       0x70 CMakeFiles/main.dir/home/bagieta/Desktop/pico-sdk/src/rp2_common/pico_double/double_v1_rom_shim.S.obj
                0x0000000010004088                double2uint64_shim
                0x000000001000408a                double2ufix64_shim
                0x00000000100040aa                d2fix_a
 .text.dunpacks
                0x00000000100040f8       0x3c CMakeFiles/main.dir/home/bagieta/Desktop/pico-sdk/src/rp2_common/pico_double/double_v1_rom_shim.S.obj
                0x00000000100040f8                dunpacks
 .text.__aeabi_lmul
                0x0000000010004134       0x32 CMakeFiles/main.dir/home/bagieta/Desktop/pico-sdk/src/rp2_common/pico_int64_ops/pico_int64_ops_aeabi.S.obj
                0x0000000010004134                __wrap___aeabi_lmul
 *fill*         0x0000000010004166        0x2 
 .text.__aeabi_float_init
                0x0000000010004168       0xfc CMakeFiles/main.dir/home/bagieta/Desktop/pico-sdk/src/rp2_common/pico_float/float_init_rom.c.obj
                0x0000000010004168                __aeabi_float_init
 .text.float_table_shim_on_use_helper
                0x0000000010004264       0x34 CMakeFiles/main.dir/home/bagieta/Desktop/pico-sdk/src/rp2_common/pico_float/float_v1_rom_shim.S.obj
                0x0000000010004264                float_table_shim_on_use_helper
 .text          0x0000000010004298       0x10 CMakeFiles/main.dir/home/bagieta/Desktop/pico-sdk/src/rp2_common/pico_mem_ops/mem_ops_aeabi.S.obj
                0x0000000010004298                __aeabi_mem_init
 .text.memcpy   0x00000000100042a8        0xc CMakeFiles/main.dir/home/bagieta/Desktop/pico-sdk/src/rp2_common/pico_mem_ops/mem_ops_aeabi.S.obj
                0x00000000100042a8                __wrap___aeabi_memcpy
                0x00000000100042a8                __wrap_memcpy
 .text.stdio_out_chars_no_crlf
                0x00000000100042b4        0xe CMakeFiles/main.dir/home/bagieta/Desktop/pico-sdk/src/rp2_common/pico_stdio/stdio.c.obj
 *fill*         0x00000000100042c2        0x2 
 .text.stdio_out_chars_crlf
                0x00000000100042c4       0x80 CMakeFiles/main.dir/home/bagieta/Desktop/pico-sdk/src/rp2_common/pico_stdio/stdio.c.obj
 .text.stdio_stack_buffer_flush
                0x0000000010004344       0x44 CMakeFiles/main.dir/home/bagieta/Desktop/pico-sdk/src/rp2_common/pico_stdio/stdio.c.obj
 .text.stdio_buffered_printer
                0x0000000010004388       0x20 CMakeFiles/main.dir/home/bagieta/Desktop/pico-sdk/src/rp2_common/pico_stdio/stdio.c.obj
 .text.stdout_serialize_begin
                0x00000000100043a8       0x5c CMakeFiles/main.dir/home/bagieta/Desktop/pico-sdk/src/rp2_common/pico_stdio/stdio.c.obj
                0x00000000100043a8                stdout_serialize_begin
 .text.stdout_serialize_end
                0x0000000010004404       0x10 CMakeFiles/main.dir/home/bagieta/Desktop/pico-sdk/src/rp2_common/pico_stdio/stdio.c.obj
                0x0000000010004404                stdout_serialize_end
 .text.stdio_put_string
                0x0000000010004414       0x98 CMakeFiles/main.dir/home/bagieta/Desktop/pico-sdk/src/rp2_common/pico_stdio/stdio.c.obj
 .text.stdio_set_driver_enabled
                0x00000000100044ac       0x2c CMakeFiles/main.dir/home/bagieta/Desktop/pico-sdk/src/rp2_common/pico_stdio/stdio.c.obj
                0x00000000100044ac                stdio_set_driver_enabled
 .text.stdio_flush
                0x00000000100044d8       0x20 CMakeFiles/main.dir/home/bagieta/Desktop/pico-sdk/src/rp2_common/pico_stdio/stdio.c.obj
                0x00000000100044d8                stdio_flush
 .text.__wrap_puts
                0x00000000100044f8       0x1e CMakeFiles/main.dir/home/bagieta/Desktop/pico-sdk/src/rp2_common/pico_stdio/stdio.c.obj
                0x00000000100044f8                __wrap_puts
 *fill*         0x0000000010004516        0x2 
 .text.__wrap_vprintf
                0x0000000010004518       0x40 CMakeFiles/main.dir/home/bagieta/Desktop/pico-sdk/src/rp2_common/pico_stdio/stdio.c.obj
                0x0000000010004518                __wrap_vprintf
 .text.__wrap_printf
                0x0000000010004558       0x18 CMakeFiles/main.dir/home/bagieta/Desktop/pico-sdk/src/rp2_common/pico_stdio/stdio.c.obj
                0x0000000010004558                __wrap_printf
 .text.stdio_init_all
                0x0000000010004570        0xa CMakeFiles/main.dir/home/bagieta/Desktop/pico-sdk/src/rp2_common/pico_stdio/stdio.c.obj
                0x0000000010004570                stdio_init_all
 *fill*         0x000000001000457a        0x2 
 .text.stdio_uart_out_chars
                0x000000001000457c       0x74 CMakeFiles/main.dir/home/bagieta/Desktop/pico-sdk/src/rp2_common/pico_stdio_uart/stdio_uart.c.obj
 .text.stdio_uart_in_chars
                0x00000000100045f0       0x80 CMakeFiles/main.dir/home/bagieta/Desktop/pico-sdk/src/rp2_common/pico_stdio_uart/stdio_uart.c.obj
                0x00000000100045f0                stdio_uart_in_chars
 .text.on_uart_rx
                0x0000000010004670       0x28 CMakeFiles/main.dir/home/bagieta/Desktop/pico-sdk/src/rp2_common/pico_stdio_uart/stdio_uart.c.obj
 .text.stdio_uart_set_chars_available_callback
                0x0000000010004698       0x8c CMakeFiles/main.dir/home/bagieta/Desktop/pico-sdk/src/rp2_common/pico_stdio_uart/stdio_uart.c.obj
 .text.stdio_uart_init_full
                0x0000000010004724       0x44 CMakeFiles/main.dir/home/bagieta/Desktop/pico-sdk/src/rp2_common/pico_stdio_uart/stdio_uart.c.obj
                0x0000000010004724                stdio_uart_init_full
 .text.stdio_uart_init
                0x0000000010004768       0x28 CMakeFiles/main.dir/home/bagieta/Desktop/pico-sdk/src/rp2_common/pico_stdio_uart/stdio_uart.c.obj
                0x0000000010004768                stdio_uart_init
 .text.adc_init
                0x0000000010004790       0x34 CMakeFiles/main.dir/home/bagieta/Desktop/pico-sdk/src/rp2_common/hardware_adc/adc.c.obj
                0x0000000010004790                adc_init
 .text          0x00000000100047c4       0x5c /usr/lib/gcc/arm-none-eabi/10.3.1/../../../arm-none-eabi/lib/thumb/v6-m/nofp/libg.a(lib_a-strlen-stub.o)
                0x00000000100047c4                strlen
 *(.fini)
 .fini          0x0000000010004820        0x4 /usr/lib/gcc/arm-none-eabi/10.3.1/thumb/v6-m/nofp/crti.o
                0x0000000010004820                _fini
 *fill*         0x0000000010004824        0x4 
 .fini.__stub   0x0000000010004828       0x40 linker stubs
 *crtbegin.o(.ctors)
 *crtbegin?.o(.ctors)
 *(EXCLUDE_FILE(*crtend.o *crtend?.o) .ctors)
 *(SORT_BY_NAME(.ctors.*))
 *(.ctors)
 *crtbegin.o(.dtors)
 *crtbegin?.o(.dtors)
 *(EXCLUDE_FILE(*crtend.o *crtend?.o) .dtors)
 *(SORT_BY_NAME(.dtors.*))
 *(.dtors)
 *(.eh_frame*)
 .eh_frame      0x0000000010004868        0x0 /usr/lib/gcc/arm-none-eabi/10.3.1/thumb/v6-m/nofp/crtbegin.o
                0x0000000010004868                . = ALIGN (0x4)

.glue_7         0x0000000010004868        0x0
 .glue_7        0x0000000010004868        0x0 linker stubs

.glue_7t        0x0000000010004868        0x0
 .glue_7t       0x0000000010004868        0x0 linker stubs

.vfp11_veneer   0x0000000010004868        0x0
 .vfp11_veneer  0x0000000010004868        0x0 linker stubs

.v4_bx          0x0000000010004868        0x0
 .v4_bx         0x0000000010004868        0x0 linker stubs

.iplt           0x0000000010004868        0x0
 .iplt          0x0000000010004868        0x0 /usr/lib/gcc/arm-none-eabi/10.3.1/thumb/v6-m/nofp/crtbegin.o

.rodata         0x0000000010004868      0xf8c
 *(EXCLUDE_FILE(*libm.a: *libc.a:*lib_a-mem*.o *libgcc.a:) .rodata*)
 .rodata.main.str1.4
                0x0000000010004868       0x1f CMakeFiles/main.dir/main.cpp.obj
 *fill*         0x0000000010004887        0x1 
 .rodata.make_branch.str1.4
                0x0000000010004888       0x71 CMakeFiles/main.dir/home/bagieta/Desktop/pico-sdk/src/rp2_common/hardware_irq/irq.c.obj
 *fill*         0x00000000100048f9        0x3 
 .rodata.insert_branch_and_link.str1.4
                0x00000000100048fc       0x10 CMakeFiles/main.dir/home/bagieta/Desktop/pico-sdk/src/rp2_common/hardware_irq/irq.c.obj
 .rodata.irq_set_exclusive_handler.str1.4
                0x000000001000490c       0x36 CMakeFiles/main.dir/home/bagieta/Desktop/pico-sdk/src/rp2_common/hardware_irq/irq.c.obj
 *fill*         0x0000000010004942        0x2 
 .rodata.irq_add_shared_handler.str1.4
                0x0000000010004944       0xd9 CMakeFiles/main.dir/home/bagieta/Desktop/pico-sdk/src/rp2_common/hardware_irq/irq.c.obj
 *fill*         0x0000000010004a1d        0x3 
 .rodata.irq_remove_handler.str1.4
                0x0000000010004a20       0x3a CMakeFiles/main.dir/home/bagieta/Desktop/pico-sdk/src/rp2_common/hardware_irq/irq.c.obj
 *fill*         0x0000000010004a5a        0x2 
 .rodata.irq_add_tail_to_free_list.str1.4
                0x0000000010004a5c       0x3a CMakeFiles/main.dir/home/bagieta/Desktop/pico-sdk/src/rp2_common/hardware_irq/irq.c.obj
 *fill*         0x0000000010004a96        0x2 
 .rodata.__func__.0
                0x0000000010004a98       0x1a CMakeFiles/main.dir/home/bagieta/Desktop/pico-sdk/src/rp2_common/hardware_irq/irq.c.obj
 *fill*         0x0000000010004ab2        0x2 
 .rodata.__func__.1
                0x0000000010004ab4       0x17 CMakeFiles/main.dir/home/bagieta/Desktop/pico-sdk/src/rp2_common/hardware_irq/irq.c.obj
 *fill*         0x0000000010004acb        0x1 
 .rodata.__func__.2
                0x0000000010004acc       0x13 CMakeFiles/main.dir/home/bagieta/Desktop/pico-sdk/src/rp2_common/hardware_irq/irq.c.obj
 *fill*         0x0000000010004adf        0x1 
 .rodata.__func__.3
                0x0000000010004ae0        0xc CMakeFiles/main.dir/home/bagieta/Desktop/pico-sdk/src/rp2_common/hardware_irq/irq.c.obj
 .rodata.__func__.4
                0x0000000010004aec        0xf CMakeFiles/main.dir/home/bagieta/Desktop/pico-sdk/src/rp2_common/hardware_irq/irq.c.obj
 *fill*         0x0000000010004afb        0x1 
 .rodata.__func__.6
                0x0000000010004afc       0x1a CMakeFiles/main.dir/home/bagieta/Desktop/pico-sdk/src/rp2_common/hardware_irq/irq.c.obj
 *fill*         0x0000000010004b16        0x2 
 .rodata.str1.4
                0x0000000010004b18       0xf5 CMakeFiles/main.dir/home/bagieta/Desktop/pico-sdk/src/common/pico_sync/mutex.c.obj
 *fill*         0x0000000010004c0d        0x3 
 .rodata.__func__.1
                0x0000000010004c10        0xb CMakeFiles/main.dir/home/bagieta/Desktop/pico-sdk/src/common/pico_sync/mutex.c.obj
 *fill*         0x0000000010004c1b        0x1 
 .rodata.__func__.3
                0x0000000010004c1c       0x18 CMakeFiles/main.dir/home/bagieta/Desktop/pico-sdk/src/common/pico_sync/mutex.c.obj
 .rodata.repeating_timer_callback.str1.4
                0x0000000010004c34       0x4f CMakeFiles/main.dir/home/bagieta/Desktop/pico-sdk/src/common/pico_time/time.c.obj
 *fill*         0x0000000010004c83        0x1 
 .rodata.timer_pool_entry_comparator.str1.4
                0x0000000010004c84       0x22 CMakeFiles/main.dir/home/bagieta/Desktop/pico-sdk/src/common/pico_time/time.c.obj
 *fill*         0x0000000010004ca6        0x2 
 .rodata.ph_add_child_node.str1.4
                0x0000000010004ca8       0x9a CMakeFiles/main.dir/home/bagieta/Desktop/pico-sdk/src/common/pico_time/time.c.obj
 *fill*         0x0000000010004d42        0x2 
 .rodata.add_alarm_under_lock.str1.4
                0x0000000010004d44       0x28 CMakeFiles/main.dir/home/bagieta/Desktop/pico-sdk/src/common/pico_time/time.c.obj
                                         0x2b (size before relaxing)
 .rodata.alarm_pool_alarm_callback.str1.4
                0x0000000010004d6c       0x98 CMakeFiles/main.dir/home/bagieta/Desktop/pico-sdk/src/common/pico_time/time.c.obj
                                        0x100 (size before relaxing)
 .rodata.alarm_pool_get_default.str1.4
                0x0000000010004e04       0x21 CMakeFiles/main.dir/home/bagieta/Desktop/pico-sdk/src/common/pico_time/time.c.obj
 *fill*         0x0000000010004e25        0x3 
 .rodata.alarm_pool_cancel_alarm.str1.4
                0x0000000010004e28       0x27 CMakeFiles/main.dir/home/bagieta/Desktop/pico-sdk/src/common/pico_time/time.c.obj
 *fill*         0x0000000010004e4f        0x1 
 .rodata.sleep_until.str1.4
                0x0000000010004e50       0x4d CMakeFiles/main.dir/home/bagieta/Desktop/pico-sdk/src/common/pico_time/time.c.obj
 *fill*         0x0000000010004e9d        0x3 
 .rodata.__func__.1
                0x0000000010004ea0       0x18 CMakeFiles/main.dir/home/bagieta/Desktop/pico-sdk/src/common/pico_time/time.c.obj
 .rodata.__func__.10
                0x0000000010004eb8       0x15 CMakeFiles/main.dir/home/bagieta/Desktop/pico-sdk/src/common/pico_time/time.c.obj
 *fill*         0x0000000010004ecd        0x3 
 .rodata.__func__.11
                0x0000000010004ed0       0x1a CMakeFiles/main.dir/home/bagieta/Desktop/pico-sdk/src/common/pico_time/time.c.obj
 *fill*         0x0000000010004eea        0x2 
 .rodata.__func__.12
                0x0000000010004eec        0xa CMakeFiles/main.dir/home/bagieta/Desktop/pico-sdk/src/common/pico_time/time.c.obj
 *fill*         0x0000000010004ef6        0x2 
 .rodata.__func__.3
                0x0000000010004ef8       0x17 CMakeFiles/main.dir/home/bagieta/Desktop/pico-sdk/src/common/pico_time/time.c.obj
 *fill*         0x0000000010004f0f        0x1 
 .rodata.__func__.4
                0x0000000010004f10       0x12 CMakeFiles/main.dir/home/bagieta/Desktop/pico-sdk/src/common/pico_time/time.c.obj
 *fill*         0x0000000010004f22        0x2 
 .rodata.__func__.5
                0x0000000010004f24        0xd CMakeFiles/main.dir/home/bagieta/Desktop/pico-sdk/src/common/pico_time/time.c.obj
 *fill*         0x0000000010004f31        0x3 
 .rodata.__func__.6
                0x0000000010004f34       0x12 CMakeFiles/main.dir/home/bagieta/Desktop/pico-sdk/src/common/pico_time/time.c.obj
 *fill*         0x0000000010004f46        0x2 
 .rodata.__func__.7
                0x0000000010004f48        0xf CMakeFiles/main.dir/home/bagieta/Desktop/pico-sdk/src/common/pico_time/time.c.obj
 *fill*         0x0000000010004f57        0x1 
 .rodata.__func__.8
                0x0000000010004f58        0xc CMakeFiles/main.dir/home/bagieta/Desktop/pico-sdk/src/common/pico_time/time.c.obj
 .rodata.__func__.9
                0x0000000010004f64       0x15 CMakeFiles/main.dir/home/bagieta/Desktop/pico-sdk/src/common/pico_time/time.c.obj
 *fill*         0x0000000010004f79        0x3 
 .rodata.hardware_alarm_claim.str1.4
                0x0000000010004f7c       0x22 CMakeFiles/main.dir/home/bagieta/Desktop/pico-sdk/src/rp2_common/hardware_timer/timer.c.obj
 .rodata.busy_wait_us.str1.4
                0x0000000010004f9e       0x65 CMakeFiles/main.dir/home/bagieta/Desktop/pico-sdk/src/rp2_common/hardware_timer/timer.c.obj
 *fill*         0x0000000010004f9e        0x2 
 .rodata.hardware_alarm_set_target.str1.4
                0x0000000010004fa0       0x69 CMakeFiles/main.dir/home/bagieta/Desktop/pico-sdk/src/rp2_common/hardware_timer/timer.c.obj
 *fill*         0x0000000010005009        0x3 
 .rodata.__func__.0
                0x000000001000500c       0x1a CMakeFiles/main.dir/home/bagieta/Desktop/pico-sdk/src/rp2_common/hardware_timer/timer.c.obj
 *fill*         0x0000000010005026        0x2 
 .rodata.__func__.1
                0x0000000010005028       0x15 CMakeFiles/main.dir/home/bagieta/Desktop/pico-sdk/src/rp2_common/hardware_timer/timer.c.obj
 .rodata.ph_add_child_node.str1.4
                0x000000001000503d       0x9a CMakeFiles/main.dir/home/bagieta/Desktop/pico-sdk/src/common/pico_util/pheap.c.obj
 *fill*         0x000000001000503d        0x3 
 .rodata.ph_remove_any_head.str1.4
                0x0000000010005040       0x90 CMakeFiles/main.dir/home/bagieta/Desktop/pico-sdk/src/common/pico_util/pheap.c.obj
                                         0xa4 (size before relaxing)
 .rodata.ph_remove_and_free_node.str1.4
                0x00000000100050d0       0x1e CMakeFiles/main.dir/home/bagieta/Desktop/pico-sdk/src/common/pico_util/pheap.c.obj
                                         0x26 (size before relaxing)
 *fill*         0x00000000100050ee        0x2 
 .rodata.__func__.0
                0x00000000100050f0       0x18 CMakeFiles/main.dir/home/bagieta/Desktop/pico-sdk/src/common/pico_util/pheap.c.obj
 .rodata.__func__.1
                0x0000000010005108       0x13 CMakeFiles/main.dir/home/bagieta/Desktop/pico-sdk/src/common/pico_util/pheap.c.obj
 *fill*         0x000000001000511b        0x1 
 .rodata.__func__.2
                0x000000001000511c       0x12 CMakeFiles/main.dir/home/bagieta/Desktop/pico-sdk/src/common/pico_util/pheap.c.obj
 *fill*         0x000000001000512e        0x2 
 .rodata.__func__.3
                0x0000000010005130        0xc CMakeFiles/main.dir/home/bagieta/Desktop/pico-sdk/src/common/pico_util/pheap.c.obj
 .rodata.clock_configure.str1.4
                0x000000001000513c       0x5b CMakeFiles/main.dir/home/bagieta/Desktop/pico-sdk/src/rp2_common/hardware_clocks/clocks.c.obj
 *fill*         0x0000000010005197        0x1 
 .rodata.__func__.1
                0x0000000010005198       0x10 CMakeFiles/main.dir/home/bagieta/Desktop/pico-sdk/src/rp2_common/hardware_clocks/clocks.c.obj
 .rodata.pll_init.str1.4
                0x00000000100051a8      0x128 CMakeFiles/main.dir/home/bagieta/Desktop/pico-sdk/src/rp2_common/hardware_pll/pll.c.obj
 .rodata.__func__.0
                0x00000000100052d0        0x9 CMakeFiles/main.dir/home/bagieta/Desktop/pico-sdk/src/rp2_common/hardware_pll/pll.c.obj
 *fill*         0x00000000100052d9        0x3 
 .rodata.__assert_func.str1.4
                0x00000000100052dc       0x3f CMakeFiles/main.dir/home/bagieta/Desktop/pico-sdk/src/rp2_common/pico_runtime/runtime.c.obj
                                         0x43 (size before relaxing)
 *fill*         0x000000001000531b        0x1 
 .rodata.runtime_init.str1.4
                0x000000001000531c       0x65 CMakeFiles/main.dir/home/bagieta/Desktop/pico-sdk/src/rp2_common/pico_runtime/runtime.c.obj
 *fill*         0x0000000010005381        0x3 
 .rodata.panic.str1.4
                0x0000000010005384       0x12 CMakeFiles/main.dir/home/bagieta/Desktop/pico-sdk/src/rp2_common/pico_runtime/runtime.c.obj
 *fill*         0x0000000010005396        0x2 
 .rodata.__func__.2
                0x0000000010005398        0xd CMakeFiles/main.dir/home/bagieta/Desktop/pico-sdk/src/rp2_common/pico_runtime/runtime.c.obj
 *fill*         0x00000000100053a5        0x3 
 .rodata._ftoa.str1.4
                0x00000000100053a8       0x15 CMakeFiles/main.dir/home/bagieta/Desktop/pico-sdk/src/rp2_common/pico_printf/printf.c.obj
 *fill*         0x00000000100053bd        0x3 
 .rodata._vsnprintf
                0x00000000100053c0      0x1e0 CMakeFiles/main.dir/home/bagieta/Desktop/pico-sdk/src/rp2_common/pico_printf/printf.c.obj
 .rodata.pow10.0
                0x00000000100055a0       0x50 CMakeFiles/main.dir/home/bagieta/Desktop/pico-sdk/src/rp2_common/pico_printf/printf.c.obj
 .rodata.__aeabi_double_init.str1.4
                0x00000000100055f0       0xa0 CMakeFiles/main.dir/home/bagieta/Desktop/pico-sdk/src/rp2_common/pico_double/double_init_rom.c.obj
 .rodata.__func__.0
                0x0000000010005690       0x14 CMakeFiles/main.dir/home/bagieta/Desktop/pico-sdk/src/rp2_common/pico_double/double_init_rom.c.obj
 .rodata.__aeabi_float_init.str1.4
                0x00000000100056a4       0x7e CMakeFiles/main.dir/home/bagieta/Desktop/pico-sdk/src/rp2_common/pico_float/float_init_rom.c.obj
                                         0x82 (size before relaxing)
 *fill*         0x0000000010005722        0x2 
 .rodata.__func__.0
                0x0000000010005724       0x13 CMakeFiles/main.dir/home/bagieta/Desktop/pico-sdk/src/rp2_common/pico_float/float_init_rom.c.obj
 *fill*         0x0000000010005737        0x1 
 .rodata.str1.4
                0x0000000010005738       0x3c CMakeFiles/main.dir/home/bagieta/Desktop/pico-sdk/src/rp2_common/pico_standard_link/binary_info.c.obj
 .rodata.__bi_44
                0x0000000010005774        0xc CMakeFiles/main.dir/home/bagieta/Desktop/pico-sdk/src/rp2_common/pico_standard_link/binary_info.c.obj
 .rodata.__bi_75
                0x0000000010005780        0xc CMakeFiles/main.dir/home/bagieta/Desktop/pico-sdk/src/rp2_common/pico_standard_link/binary_info.c.obj
 .rodata.__bi_81
                0x000000001000578c        0xc CMakeFiles/main.dir/home/bagieta/Desktop/pico-sdk/src/rp2_common/pico_standard_link/binary_info.c.obj
 .rodata.stdout_serialize_begin.str1.4
                0x0000000010005798       0x65 CMakeFiles/main.dir/home/bagieta/Desktop/pico-sdk/src/rp2_common/pico_stdio/stdio.c.obj
 .rodata.__func__.3
                0x0000000010005798       0x15 CMakeFiles/main.dir/home/bagieta/Desktop/pico-sdk/src/rp2_common/pico_stdio/stdio.c.obj
 *fill*         0x00000000100057ad        0x3 
 .rodata.crlf_str.2
                0x00000000100057b0        0x2 CMakeFiles/main.dir/home/bagieta/Desktop/pico-sdk/src/rp2_common/pico_stdio/stdio.c.obj
 *fill*         0x00000000100057b2        0x2 
 .rodata.str1.4
                0x00000000100057b4       0x2c CMakeFiles/main.dir/home/bagieta/Desktop/pico-sdk/src/rp2_common/pico_stdio_uart/stdio_uart.c.obj
 .rodata.__bi_33.4
                0x00000000100057e0        0xc CMakeFiles/main.dir/home/bagieta/Desktop/pico-sdk/src/rp2_common/pico_stdio_uart/stdio_uart.c.obj
 .rodata.__bi_34.5
                0x00000000100057ec        0x8 CMakeFiles/main.dir/home/bagieta/Desktop/pico-sdk/src/rp2_common/pico_stdio_uart/stdio_uart.c.obj
                0x00000000100057f4                . = ALIGN (0x4)
 *(SORT_BY_ALIGNMENT(SORT_BY_NAME(.flashdata*)))
                0x00000000100057f4                . = ALIGN (0x4)

.ARM.extab
 *(.ARM.extab* .gnu.linkonce.armextab.*)
                0x00000000100057f4                __exidx_start = .

.ARM.exidx
 *(.ARM.exidx* .gnu.linkonce.armexidx.*)
                0x00000000100057f4                __exidx_end = .
                0x00000000100057f4                . = ALIGN (0x4)
                0x00000000100057f4                __binary_info_start = .

.binary_info    0x00000000100057f4       0x24
 *(.binary_info.keep.*)
 .binary_info.keep.__bi_ptr22
                0x00000000100057f4        0x4 CMakeFiles/main.dir/home/bagieta/Desktop/pico-sdk/src/rp2_common/pico_standard_link/binary_info.c.obj
 .binary_info.keep.__bi_ptr30
                0x00000000100057f8        0x4 CMakeFiles/main.dir/home/bagieta/Desktop/pico-sdk/src/rp2_common/pico_standard_link/binary_info.c.obj
 .binary_info.keep.__bi_ptr38
                0x00000000100057fc        0x4 CMakeFiles/main.dir/home/bagieta/Desktop/pico-sdk/src/rp2_common/pico_standard_link/binary_info.c.obj
 .binary_info.keep.__bi_ptr44
                0x0000000010005800        0x4 CMakeFiles/main.dir/home/bagieta/Desktop/pico-sdk/src/rp2_common/pico_standard_link/binary_info.c.obj
 .binary_info.keep.__bi_ptr50
                0x0000000010005804        0x4 CMakeFiles/main.dir/home/bagieta/Desktop/pico-sdk/src/rp2_common/pico_standard_link/binary_info.c.obj
 .binary_info.keep.__bi_ptr75
                0x0000000010005808        0x4 CMakeFiles/main.dir/home/bagieta/Desktop/pico-sdk/src/rp2_common/pico_standard_link/binary_info.c.obj
 .binary_info.keep.__bi_ptr81
                0x000000001000580c        0x4 CMakeFiles/main.dir/home/bagieta/Desktop/pico-sdk/src/rp2_common/pico_standard_link/binary_info.c.obj
 *(.binary_info.*)
 .binary_info.__bi_ptr33
                0x0000000010005810        0x4 CMakeFiles/main.dir/home/bagieta/Desktop/pico-sdk/src/rp2_common/pico_stdio_uart/stdio_uart.c.obj
 .binary_info.__bi_ptr34
                0x0000000010005814        0x4 CMakeFiles/main.dir/home/bagieta/Desktop/pico-sdk/src/rp2_common/pico_stdio_uart/stdio_uart.c.obj
                0x0000000010005818                __binary_info_end = .

.rel.dyn        0x0000000010005818        0x0
 .rel.iplt      0x0000000010005818        0x0 /usr/lib/gcc/arm-none-eabi/10.3.1/thumb/v6-m/nofp/crtbegin.o
                0x0000000010005818                . = ALIGN (0x4)

.ram_vector_table
                0x0000000020000000       0xc0
 *(.ram_vector_table)
 .ram_vector_table
                0x0000000020000000       0xc0 CMakeFiles/main.dir/home/bagieta/Desktop/pico-sdk/src/rp2_common/pico_runtime/runtime.c.obj
                0x0000000020000000                ram_vector_table

.data           0x00000000200000c0      0x244 load address 0x0000000010005818
                0x00000000200000c0                __data_start__ = .
 *(vtable)
 *(.time_critical*)
 .time_critical.mutex_try_enter
                0x00000000200000c0       0x46 CMakeFiles/main.dir/home/bagieta/Desktop/pico-sdk/src/common/pico_sync/mutex.c.obj
                0x00000000200000c0                mutex_try_enter
 *fill*         0x0000000020000106        0x2 
 .time_critical.mutex_enter_block_until
                0x0000000020000108       0x8c CMakeFiles/main.dir/home/bagieta/Desktop/pico-sdk/src/common/pico_sync/mutex.c.obj
                0x0000000020000108                mutex_enter_block_until
 .time_critical.mutex_try_enter_block_until
                0x0000000020000194       0x34 CMakeFiles/main.dir/home/bagieta/Desktop/pico-sdk/src/common/pico_sync/mutex.c.obj
                0x0000000020000194                mutex_try_enter_block_until
 .time_critical.mutex_exit
                0x00000000200001c8       0x4c CMakeFiles/main.dir/home/bagieta/Desktop/pico-sdk/src/common/pico_sync/mutex.c.obj
                0x00000000200001c8                mutex_exit
 *(.text*)
 .text          0x0000000020000214        0x4 /usr/lib/gcc/arm-none-eabi/10.3.1/thumb/v6-m/nofp/libgcc.a(_dvmd_tls.o)
                0x0000000020000214                __aeabi_ldiv0
                0x0000000020000214                __aeabi_idiv0
 .text.__stub   0x0000000020000218       0x20 linker stubs
                0x0000000020000238                . = ALIGN (0x4)
 *(.rodata*)
                0x0000000020000238                . = ALIGN (0x4)
 *(.data*)
 .data.striped_spin_lock_num
                0x0000000020000238        0x1 CMakeFiles/main.dir/home/bagieta/Desktop/pico-sdk/src/rp2_common/hardware_sync/sync.c.obj
 *fill*         0x0000000020000239        0x3 
 .data          0x000000002000023c       0x48 CMakeFiles/main.dir/home/bagieta/Desktop/pico-sdk/src/rp2_common/hardware_irq/irq_handler_chain.S.obj
                0x000000002000023c                irq_handler_chain_slots
                0x000000002000026c                irq_handler_chain_first_slot
                0x0000000020000276                irq_handler_chain_remove_tail
 .data.default_alarm_pool
                0x0000000020000284       0x18 CMakeFiles/main.dir/home/bagieta/Desktop/pico-sdk/src/common/pico_time/time.c.obj
 .data.default_alarm_pool_heap
                0x000000002000029c       0x10 CMakeFiles/main.dir/home/bagieta/Desktop/pico-sdk/src/common/pico_time/time.c.obj
 *fill*         0x00000000200002ac        0x4 
 .data.aeabi_bits_funcs
                0x00000000200002b0       0x10 CMakeFiles/main.dir/home/bagieta/Desktop/pico-sdk/src/rp2_common/pico_bit_ops/bit_ops_aeabi.S.obj
                0x00000000200002b0                aeabi_bits_funcs
                0x00000000200002c0                aeabi_bits_funcs_end
 .data.aeabi_mem_funcs
                0x00000000200002c0       0x10 CMakeFiles/main.dir/home/bagieta/Desktop/pico-sdk/src/rp2_common/pico_mem_ops/mem_ops_aeabi.S.obj
                0x00000000200002c0                aeabi_mem_funcs
                0x00000000200002d0                aeabi_mem_funcs_end
 .data.stdio_uart
                0x00000000200002d0       0x18 CMakeFiles/main.dir/home/bagieta/Desktop/pico-sdk/src/rp2_common/pico_stdio_uart/stdio_uart.c.obj
                0x00000000200002d0                stdio_uart
                0x00000000200002e8                . = ALIGN (0x4)
 *(.after_data.*)
                0x00000000200002e8                . = ALIGN (0x4)
                0x00000000200002e8                PROVIDE (__mutex_array_start = .)
 *(SORT_BY_NAME(.mutex_array.*))
 *(.mutex_array)
 .mutex_array   0x00000000200002e8        0x8 CMakeFiles/main.dir/home/bagieta/Desktop/pico-sdk/src/rp2_common/pico_stdio/stdio.c.obj
                0x00000000200002f0                PROVIDE (__mutex_array_end = .)
                0x00000000200002f0                . = ALIGN (0x4)
                0x00000000200002f0                PROVIDE (__preinit_array_start = .)
 *(SORT_BY_NAME(.preinit_array.*))
 .preinit_array.00001
                0x00000000200002f0        0x4 CMakeFiles/main.dir/home/bagieta/Desktop/pico-sdk/src/rp2_common/pico_mem_ops/mem_ops_aeabi.S.obj
 .preinit_array.00010
                0x00000000200002f4        0x4 CMakeFiles/main.dir/home/bagieta/Desktop/pico-sdk/src/rp2_common/pico_bit_ops/bit_ops_aeabi.S.obj
 .preinit_array.00020
                0x00000000200002f8        0x4 CMakeFiles/main.dir/home/bagieta/Desktop/pico-sdk/src/rp2_common/pico_double/double_aeabi.S.obj
 .preinit_array.00020
                0x00000000200002fc        0x4 CMakeFiles/main.dir/home/bagieta/Desktop/pico-sdk/src/rp2_common/pico_float/float_aeabi.S.obj
 *(.preinit_array)
                0x0000000020000300                PROVIDE (__preinit_array_end = .)
                0x0000000020000300                . = ALIGN (0x4)
                0x0000000020000300                PROVIDE (__init_array_start = .)
 *(SORT_BY_NAME(.init_array.*))
 *(.init_array)
 .init_array    0x0000000020000300        0x4 /usr/lib/gcc/arm-none-eabi/10.3.1/thumb/v6-m/nofp/crtbegin.o
                0x0000000020000304                PROVIDE (__init_array_end = .)
                0x0000000020000304                . = ALIGN (0x4)
                0x0000000020000304                PROVIDE (__fini_array_start = .)
 *(SORT_BY_NAME(.fini_array.*))
 *(.fini_array)
                0x0000000020000304                PROVIDE (__fini_array_end = .)
 *(.jcr)
                0x0000000020000304                . = ALIGN (0x4)
                0x0000000020000304                __data_end__ = .
                0x0000000010005818                __etext = LOADADDR (.data)

.tm_clone_table
                0x0000000020000304        0x0 load address 0x0000000010005a5c
 .tm_clone_table
                0x0000000020000304        0x0 /usr/lib/gcc/arm-none-eabi/10.3.1/thumb/v6-m/nofp/crtbegin.o
 .tm_clone_table
                0x0000000020000304        0x0 /usr/lib/gcc/arm-none-eabi/10.3.1/thumb/v6-m/nofp/crtend.o

.igot.plt       0x0000000020000304        0x0 load address 0x0000000010005a5c
 .igot.plt      0x0000000020000304        0x0 /usr/lib/gcc/arm-none-eabi/10.3.1/thumb/v6-m/nofp/crtbegin.o

.uninitialized_data
                0x0000000020000304        0x0 load address 0x0000000010005a5c
                0x0000000020000304                . = ALIGN (0x4)
 *(.uninitialized_data*)

.scratch_x      0x0000000020040000        0x0 load address 0x0000000010005a5c
                0x0000000020040000                __scratch_x_start__ = .
 *(.scratch_x.*)
                0x0000000020040000                . = ALIGN (0x4)
                0x0000000020040000                __scratch_x_end__ = .
                0x0000000010005a5c                __scratch_x_source__ = LOADADDR (.scratch_x)

.scratch_y      0x0000000020041000        0x0 load address 0x0000000010005a5c
                0x0000000020041000                __scratch_y_start__ = .
 *(.scratch_y.*)
                0x0000000020041000                . = ALIGN (0x4)
                0x0000000020041000                __scratch_y_end__ = .
                0x0000000010005a5c                __scratch_y_source__ = LOADADDR (.scratch_y)

.bss            0x0000000020000308      0x3d8
                0x0000000020000308                . = ALIGN (0x4)
                0x0000000020000308                __bss_start__ = .
 *(SORT_BY_ALIGNMENT(SORT_BY_NAME(.bss*)))
 .bss.default_alarm_pool_entries
                0x0000000020000308      0x100 CMakeFiles/main.dir/home/bagieta/Desktop/pico-sdk/src/common/pico_time/time.c.obj
 .bss           0x0000000020000408       0x1c /usr/lib/gcc/arm-none-eabi/10.3.1/thumb/v6-m/nofp/crtbegin.o
 .bss.alarm_callbacks
                0x0000000020000424       0x10 CMakeFiles/main.dir/home/bagieta/Desktop/pico-sdk/src/rp2_common/hardware_timer/timer.c.obj
 .bss.chars_available_callback
                0x0000000020000434        0x4 CMakeFiles/main.dir/home/bagieta/Desktop/pico-sdk/src/rp2_common/pico_stdio_uart/stdio_uart.c.obj
 .bss.chars_available_param
                0x0000000020000438        0x4 CMakeFiles/main.dir/home/bagieta/Desktop/pico-sdk/src/rp2_common/pico_stdio_uart/stdio_uart.c.obj
 .bss.configured_freq
                0x000000002000043c       0x28 CMakeFiles/main.dir/home/bagieta/Desktop/pico-sdk/src/rp2_common/hardware_clocks/clocks.c.obj
 .bss.default_alarm_pool_entry_ids_high
                0x0000000020000464       0x10 CMakeFiles/main.dir/home/bagieta/Desktop/pico-sdk/src/common/pico_time/time.c.obj
 .bss.default_alarm_pool_heap_nodes
                0x0000000020000474       0x30 CMakeFiles/main.dir/home/bagieta/Desktop/pico-sdk/src/common/pico_time/time.c.obj
 .bss.drivers   0x00000000200004a4        0x4 CMakeFiles/main.dir/home/bagieta/Desktop/pico-sdk/src/rp2_common/pico_stdio/stdio.c.obj
 .bss.filter    0x00000000200004a8        0x4 CMakeFiles/main.dir/home/bagieta/Desktop/pico-sdk/src/rp2_common/pico_stdio/stdio.c.obj
 .bss.pools     0x00000000200004ac       0x10 CMakeFiles/main.dir/home/bagieta/Desktop/pico-sdk/src/common/pico_time/time.c.obj
 .bss.sd_table  0x00000000200004bc      0x100 CMakeFiles/main.dir/home/bagieta/Desktop/pico-sdk/src/rp2_common/pico_double/double_init_rom.c.obj
                0x00000000200004bc                sd_table
 .bss.sf_clz_func
                0x00000000200005bc        0x4 CMakeFiles/main.dir/home/bagieta/Desktop/pico-sdk/src/rp2_common/pico_double/double_init_rom.c.obj
                0x00000000200005bc                sf_clz_func
 .bss.sf_table  0x00000000200005c0      0x100 CMakeFiles/main.dir/home/bagieta/Desktop/pico-sdk/src/rp2_common/pico_float/float_init_rom.c.obj
                0x00000000200005c0                sf_table
 .bss.sleep_notifier
                0x00000000200006c0        0x4 CMakeFiles/main.dir/home/bagieta/Desktop/pico-sdk/src/common/pico_time/time.c.obj
 .bss.target_hi
                0x00000000200006c4       0x10 CMakeFiles/main.dir/home/bagieta/Desktop/pico-sdk/src/rp2_common/hardware_timer/timer.c.obj
 .bss.uart_char_to_line_feed
                0x00000000200006d4        0x4 CMakeFiles/main.dir/home/bagieta/Desktop/pico-sdk/src/rp2_common/hardware_uart/uart.c.obj
                0x00000000200006d4                uart_char_to_line_feed
 .bss.uart_instance
                0x00000000200006d8        0x4 CMakeFiles/main.dir/home/bagieta/Desktop/pico-sdk/src/rp2_common/pico_stdio_uart/stdio_uart.c.obj
 .bss.claimed   0x00000000200006dc        0x1 CMakeFiles/main.dir/home/bagieta/Desktop/pico-sdk/src/rp2_common/hardware_timer/timer.c.obj
 .bss.irq_hander_chain_free_slot_head
                0x00000000200006dd        0x1 CMakeFiles/main.dir/home/bagieta/Desktop/pico-sdk/src/rp2_common/hardware_irq/irq.c.obj
 .bss.timer_callbacks_pending
                0x00000000200006de        0x1 CMakeFiles/main.dir/home/bagieta/Desktop/pico-sdk/src/rp2_common/hardware_timer/timer.c.obj
 *(COMMON)
                0x00000000200006e0                . = ALIGN (0x4)
 *fill*         0x00000000200006df        0x1 
                0x00000000200006e0                __bss_end__ = .

.heap           0x00000000200006e0      0x800
                0x00000000200006e0                __end__ = .
                0x00000000200006e0                end = __end__
 *(.heap*)
 .heap          0x00000000200006e0      0x800 CMakeFiles/main.dir/home/bagieta/Desktop/pico-sdk/src/rp2_common/pico_standard_link/crt0.S.obj
                0x0000000020000ee0                __HeapLimit = .

.stack1_dummy   0x0000000020040000        0x0
 *(.stack1*)

.stack_dummy    0x0000000020041000      0x800
 *(.stack*)
 .stack         0x0000000020041000      0x800 CMakeFiles/main.dir/home/bagieta/Desktop/pico-sdk/src/rp2_common/pico_standard_link/crt0.S.obj

.flash_end      0x0000000010005a5c        0x0
                0x0000000010005a5c                PROVIDE (__flash_binary_end = .)
                0x0000000020040000                __StackLimit = (ORIGIN (RAM) + LENGTH (RAM))
                0x0000000020041000                __StackOneTop = (ORIGIN (SCRATCH_X) + LENGTH (SCRATCH_X))
                0x0000000020042000                __StackTop = (ORIGIN (SCRATCH_Y) + LENGTH (SCRATCH_Y))
                0x0000000020041000                __StackOneBottom = (__StackOneTop - SIZEOF (.stack1_dummy))
                0x0000000020041800                __StackBottom = (__StackTop - SIZEOF (.stack_dummy))
                0x0000000020042000                PROVIDE (__stack = __StackTop)
                0x0000000000000001                ASSERT ((__StackLimit >= __HeapLimit), region RAM overflowed)
                0x0000000000000001                ASSERT (((__binary_info_header_end - __logical_binary_start) <= 0x100), Binary info must be in first 256 bytes of the binary)
LOAD CMakeFiles/main.dir/main.cpp.obj
LOAD CMakeFiles/main.dir/home/bagieta/Desktop/pico-sdk/src/rp2_common/pico_stdlib/stdlib.c.obj
LOAD CMakeFiles/main.dir/home/bagieta/Desktop/pico-sdk/src/rp2_common/hardware_gpio/gpio.c.obj
LOAD CMakeFiles/main.dir/home/bagieta/Desktop/pico-sdk/src/rp2_common/pico_platform/platform.c.obj
LOAD CMakeFiles/main.dir/home/bagieta/Desktop/pico-sdk/src/rp2_common/hardware_claim/claim.c.obj
LOAD CMakeFiles/main.dir/home/bagieta/Desktop/pico-sdk/src/rp2_common/hardware_sync/sync.c.obj
LOAD CMakeFiles/main.dir/home/bagieta/Desktop/pico-sdk/src/rp2_common/hardware_irq/irq.c.obj
LOAD CMakeFiles/main.dir/home/bagieta/Desktop/pico-sdk/src/rp2_common/hardware_irq/irq_handler_chain.S.obj
LOAD CMakeFiles/main.dir/home/bagieta/Desktop/pico-sdk/src/common/pico_sync/sem.c.obj
LOAD CMakeFiles/main.dir/home/bagieta/Desktop/pico-sdk/src/common/pico_sync/lock_core.c.obj
LOAD CMakeFiles/main.dir/home/bagieta/Desktop/pico-sdk/src/common/pico_sync/mutex.c.obj
LOAD CMakeFiles/main.dir/home/bagieta/Desktop/pico-sdk/src/common/pico_sync/critical_section.c.obj
LOAD CMakeFiles/main.dir/home/bagieta/Desktop/pico-sdk/src/common/pico_time/time.c.obj
LOAD CMakeFiles/main.dir/home/bagieta/Desktop/pico-sdk/src/common/pico_time/timeout_helper.c.obj
LOAD CMakeFiles/main.dir/home/bagieta/Desktop/pico-sdk/src/rp2_common/hardware_timer/timer.c.obj
LOAD CMakeFiles/main.dir/home/bagieta/Desktop/pico-sdk/src/common/pico_util/datetime.c.obj
LOAD CMakeFiles/main.dir/home/bagieta/Desktop/pico-sdk/src/common/pico_util/pheap.c.obj
LOAD CMakeFiles/main.dir/home/bagieta/Desktop/pico-sdk/src/common/pico_util/queue.c.obj
LOAD CMakeFiles/main.dir/home/bagieta/Desktop/pico-sdk/src/rp2_common/hardware_uart/uart.c.obj
LOAD CMakeFiles/main.dir/home/bagieta/Desktop/pico-sdk/src/rp2_common/hardware_clocks/clocks.c.obj
LOAD CMakeFiles/main.dir/home/bagieta/Desktop/pico-sdk/src/rp2_common/hardware_pll/pll.c.obj
LOAD CMakeFiles/main.dir/home/bagieta/Desktop/pico-sdk/src/rp2_common/hardware_vreg/vreg.c.obj
LOAD CMakeFiles/main.dir/home/bagieta/Desktop/pico-sdk/src/rp2_common/hardware_watchdog/watchdog.c.obj
LOAD CMakeFiles/main.dir/home/bagieta/Desktop/pico-sdk/src/rp2_common/hardware_xosc/xosc.c.obj
LOAD CMakeFiles/main.dir/home/bagieta/Desktop/pico-sdk/src/rp2_common/hardware_divider/divider.S.obj
LOAD CMakeFiles/main.dir/home/bagieta/Desktop/pico-sdk/src/rp2_common/pico_runtime/runtime.c.obj
LOAD CMakeFiles/main.dir/home/bagieta/Desktop/pico-sdk/src/rp2_common/pico_printf/printf.c.obj
LOAD CMakeFiles/main.dir/home/bagieta/Desktop/pico-sdk/src/rp2_common/pico_bit_ops/bit_ops_aeabi.S.obj
LOAD CMakeFiles/main.dir/home/bagieta/Desktop/pico-sdk/src/rp2_common/pico_bootrom/bootrom.c.obj
LOAD CMakeFiles/main.dir/home/bagieta/Desktop/pico-sdk/src/rp2_common/pico_divider/divider.S.obj
LOAD CMakeFiles/main.dir/home/bagieta/Desktop/pico-sdk/src/rp2_common/pico_double/double_aeabi.S.obj
LOAD CMakeFiles/main.dir/home/bagieta/Desktop/pico-sdk/src/rp2_common/pico_double/double_init_rom.c.obj
LOAD CMakeFiles/main.dir/home/bagieta/Desktop/pico-sdk/src/rp2_common/pico_double/double_math.c.obj
LOAD CMakeFiles/main.dir/home/bagieta/Desktop/pico-sdk/src/rp2_common/pico_double/double_v1_rom_shim.S.obj
LOAD CMakeFiles/main.dir/home/bagieta/Desktop/pico-sdk/src/rp2_common/pico_int64_ops/pico_int64_ops_aeabi.S.obj
LOAD CMakeFiles/main.dir/home/bagieta/Desktop/pico-sdk/src/rp2_common/pico_float/float_aeabi.S.obj
LOAD CMakeFiles/main.dir/home/bagieta/Desktop/pico-sdk/src/rp2_common/pico_float/float_init_rom.c.obj
LOAD CMakeFiles/main.dir/home/bagieta/Desktop/pico-sdk/src/rp2_common/pico_float/float_math.c.obj
LOAD CMakeFiles/main.dir/home/bagieta/Desktop/pico-sdk/src/rp2_common/pico_float/float_v1_rom_shim.S.obj
LOAD CMakeFiles/main.dir/home/bagieta/Desktop/pico-sdk/src/rp2_common/pico_malloc/pico_malloc.c.obj
LOAD CMakeFiles/main.dir/home/bagieta/Desktop/pico-sdk/src/rp2_common/pico_mem_ops/mem_ops_aeabi.S.obj
LOAD CMakeFiles/main.dir/home/bagieta/Desktop/pico-sdk/src/rp2_common/pico_standard_link/crt0.S.obj
LOAD CMakeFiles/main.dir/home/bagieta/Desktop/pico-sdk/src/rp2_common/pico_standard_link/new_delete.cpp.obj
LOAD CMakeFiles/main.dir/home/bagieta/Desktop/pico-sdk/src/rp2_common/pico_standard_link/binary_info.c.obj
LOAD CMakeFiles/main.dir/home/bagieta/Desktop/pico-sdk/src/rp2_common/pico_stdio/stdio.c.obj
LOAD CMakeFiles/main.dir/home/bagieta/Desktop/pico-sdk/src/rp2_common/pico_stdio_uart/stdio_uart.c.obj
LOAD CMakeFiles/main.dir/home/bagieta/Desktop/pico-sdk/src/rp2_common/hardware_adc/adc.c.obj
LOAD /tmp/ccod69E4.o
LOAD /usr/lib/gcc/arm-none-eabi/10.3.1/../../../arm-none-eabi/lib/thumb/v6-m/nofp/libstdc++.a
LOAD /usr/lib/gcc/arm-none-eabi/10.3.1/../../../arm-none-eabi/lib/thumb/v6-m/nofp/libm.a
START GROUP
LOAD /usr/lib/gcc/arm-none-eabi/10.3.1/thumb/v6-m/nofp/libgcc.a
LOAD /usr/lib/gcc/arm-none-eabi/10.3.1/../../../arm-none-eabi/lib/thumb/v6-m/nofp/libg.a
LOAD /usr/lib/gcc/arm-none-eabi/10.3.1/../../../arm-none-eabi/lib/thumb/v6-m/nofp/libc.a
END GROUP
START GROUP
LOAD /usr/lib/gcc/arm-none-eabi/10.3.1/thumb/v6-m/nofp/libgcc.a
LOAD /usr/lib/gcc/arm-none-eabi/10.3.1/../../../arm-none-eabi/lib/thumb/v6-m/nofp/libc.a
LOAD /usr/lib/gcc/arm-none-eabi/10.3.1/../../../arm-none-eabi/lib/thumb/v6-m/nofp/libnosys.a
END GROUP
LOAD /usr/lib/gcc/arm-none-eabi/10.3.1/thumb/v6-m/nofp/crtend.o
LOAD /usr/lib/gcc/arm-none-eabi/10.3.1/thumb/v6-m/nofp/crtn.o
OUTPUT(main.elf elf32-littlearm)
LOAD linker stubs

.ARM.attributes
                0x0000000000000000       0x28
 .ARM.attributes
                0x0000000000000000       0x1e /usr/lib/gcc/arm-none-eabi/10.3.1/thumb/v6-m/nofp/crti.o
 .ARM.attributes
                0x000000000000001e       0x2c /usr/lib/gcc/arm-none-eabi/10.3.1/thumb/v6-m/nofp/crtbegin.o
 .ARM.attributes
                0x000000000000004a       0x2c CMakeFiles/main.dir/main.cpp.obj
 .ARM.attributes
                0x0000000000000076       0x2c CMakeFiles/main.dir/home/bagieta/Desktop/pico-sdk/src/rp2_common/hardware_gpio/gpio.c.obj
 .ARM.attributes
                0x00000000000000a2       0x2c CMakeFiles/main.dir/home/bagieta/Desktop/pico-sdk/src/rp2_common/pico_platform/platform.c.obj
 .ARM.attributes
                0x00000000000000ce       0x2c CMakeFiles/main.dir/home/bagieta/Desktop/pico-sdk/src/rp2_common/hardware_claim/claim.c.obj
 .ARM.attributes
                0x00000000000000fa       0x2c CMakeFiles/main.dir/home/bagieta/Desktop/pico-sdk/src/rp2_common/hardware_sync/sync.c.obj
 .ARM.attributes
                0x0000000000000126       0x2c CMakeFiles/main.dir/home/bagieta/Desktop/pico-sdk/src/rp2_common/hardware_irq/irq.c.obj
 .ARM.attributes
                0x0000000000000152       0x22 CMakeFiles/main.dir/home/bagieta/Desktop/pico-sdk/src/rp2_common/hardware_irq/irq_handler_chain.S.obj
 .ARM.attributes
                0x0000000000000174       0x2c CMakeFiles/main.dir/home/bagieta/Desktop/pico-sdk/src/common/pico_sync/lock_core.c.obj
 .ARM.attributes
                0x00000000000001a0       0x2c CMakeFiles/main.dir/home/bagieta/Desktop/pico-sdk/src/common/pico_sync/mutex.c.obj
 .ARM.attributes
                0x00000000000001cc       0x2c CMakeFiles/main.dir/home/bagieta/Desktop/pico-sdk/src/common/pico_time/time.c.obj
 .ARM.attributes
                0x00000000000001f8       0x2c CMakeFiles/main.dir/home/bagieta/Desktop/pico-sdk/src/rp2_common/hardware_timer/timer.c.obj
 .ARM.attributes
                0x0000000000000224       0x2c CMakeFiles/main.dir/home/bagieta/Desktop/pico-sdk/src/common/pico_util/pheap.c.obj
 .ARM.attributes
                0x0000000000000250       0x2c CMakeFiles/main.dir/home/bagieta/Desktop/pico-sdk/src/rp2_common/hardware_uart/uart.c.obj
 .ARM.attributes
                0x000000000000027c       0x2c CMakeFiles/main.dir/home/bagieta/Desktop/pico-sdk/src/rp2_common/hardware_clocks/clocks.c.obj
 .ARM.attributes
                0x00000000000002a8       0x2c CMakeFiles/main.dir/home/bagieta/Desktop/pico-sdk/src/rp2_common/hardware_pll/pll.c.obj
 .ARM.attributes
                0x00000000000002d4       0x2c CMakeFiles/main.dir/home/bagieta/Desktop/pico-sdk/src/rp2_common/hardware_watchdog/watchdog.c.obj
 .ARM.attributes
                0x0000000000000300       0x2c CMakeFiles/main.dir/home/bagieta/Desktop/pico-sdk/src/rp2_common/hardware_xosc/xosc.c.obj
 .ARM.attributes
                0x000000000000032c       0x2c CMakeFiles/main.dir/home/bagieta/Desktop/pico-sdk/src/rp2_common/pico_runtime/runtime.c.obj
 .ARM.attributes
                0x0000000000000358       0x2c CMakeFiles/main.dir/home/bagieta/Desktop/pico-sdk/src/rp2_common/pico_printf/printf.c.obj
 .ARM.attributes
                0x0000000000000384       0x22 CMakeFiles/main.dir/home/bagieta/Desktop/pico-sdk/src/rp2_common/pico_bit_ops/bit_ops_aeabi.S.obj
 .ARM.attributes
                0x00000000000003a6       0x2c CMakeFiles/main.dir/home/bagieta/Desktop/pico-sdk/src/rp2_common/pico_bootrom/bootrom.c.obj
 .ARM.attributes
                0x00000000000003d2       0x22 CMakeFiles/main.dir/home/bagieta/Desktop/pico-sdk/src/rp2_common/pico_divider/divider.S.obj
 .ARM.attributes
                0x00000000000003f4       0x22 CMakeFiles/main.dir/home/bagieta/Desktop/pico-sdk/src/rp2_common/pico_double/double_aeabi.S.obj
 .ARM.attributes
                0x0000000000000416       0x2c CMakeFiles/main.dir/home/bagieta/Desktop/pico-sdk/src/rp2_common/pico_double/double_init_rom.c.obj
 .ARM.attributes
                0x0000000000000442       0x22 CMakeFiles/main.dir/home/bagieta/Desktop/pico-sdk/src/rp2_common/pico_double/double_v1_rom_shim.S.obj
 .ARM.attributes
                0x0000000000000464       0x22 CMakeFiles/main.dir/home/bagieta/Desktop/pico-sdk/src/rp2_common/pico_int64_ops/pico_int64_ops_aeabi.S.obj
 .ARM.attributes
                0x0000000000000486       0x22 CMakeFiles/main.dir/home/bagieta/Desktop/pico-sdk/src/rp2_common/pico_float/float_aeabi.S.obj
 .ARM.attributes
                0x00000000000004a8       0x2c CMakeFiles/main.dir/home/bagieta/Desktop/pico-sdk/src/rp2_common/pico_float/float_init_rom.c.obj
 .ARM.attributes
                0x00000000000004d4       0x22 CMakeFiles/main.dir/home/bagieta/Desktop/pico-sdk/src/rp2_common/pico_float/float_v1_rom_shim.S.obj
 .ARM.attributes
                0x00000000000004f6       0x22 CMakeFiles/main.dir/home/bagieta/Desktop/pico-sdk/src/rp2_common/pico_mem_ops/mem_ops_aeabi.S.obj
 .ARM.attributes
                0x0000000000000518       0x22 CMakeFiles/main.dir/home/bagieta/Desktop/pico-sdk/src/rp2_common/pico_standard_link/crt0.S.obj
 .ARM.attributes
                0x000000000000053a       0x32 CMakeFiles/main.dir/home/bagieta/Desktop/pico-sdk/src/rp2_common/pico_standard_link/binary_info.c.obj
 .ARM.attributes
                0x000000000000056c       0x2c CMakeFiles/main.dir/home/bagieta/Desktop/pico-sdk/src/rp2_common/pico_stdio/stdio.c.obj
 .ARM.attributes
                0x0000000000000598       0x2c CMakeFiles/main.dir/home/bagieta/Desktop/pico-sdk/src/rp2_common/pico_stdio_uart/stdio_uart.c.obj
 .ARM.attributes
                0x00000000000005c4       0x2c CMakeFiles/main.dir/home/bagieta/Desktop/pico-sdk/src/rp2_common/hardware_adc/adc.c.obj
 .ARM.attributes
                0x00000000000005f0       0x22 /tmp/ccod69E4.o
 .ARM.attributes
                0x0000000000000612       0x1e /usr/lib/gcc/arm-none-eabi/10.3.1/thumb/v6-m/nofp/libgcc.a(_dvmd_tls.o)
 .ARM.attributes
                0x0000000000000630       0x2c /usr/lib/gcc/arm-none-eabi/10.3.1/../../../arm-none-eabi/lib/thumb/v6-m/nofp/libg.a(lib_a-strlen-stub.o)
 .ARM.attributes
                0x000000000000065c       0x2c /usr/lib/gcc/arm-none-eabi/10.3.1/thumb/v6-m/nofp/crtend.o

.comment        0x0000000000000000       0x33
 .comment       0x0000000000000000       0x33 /usr/lib/gcc/arm-none-eabi/10.3.1/thumb/v6-m/nofp/crtbegin.o
                                         0x34 (size before relaxing)
 .comment       0x0000000000000033       0x34 CMakeFiles/main.dir/main.cpp.obj
 .comment       0x0000000000000033       0x34 CMakeFiles/main.dir/home/bagieta/Desktop/pico-sdk/src/rp2_common/hardware_gpio/gpio.c.obj
 .comment       0x0000000000000033       0x34 CMakeFiles/main.dir/home/bagieta/Desktop/pico-sdk/src/rp2_common/pico_platform/platform.c.obj
 .comment       0x0000000000000033       0x34 CMakeFiles/main.dir/home/bagieta/Desktop/pico-sdk/src/rp2_common/hardware_claim/claim.c.obj
 .comment       0x0000000000000033       0x34 CMakeFiles/main.dir/home/bagieta/Desktop/pico-sdk/src/rp2_common/hardware_sync/sync.c.obj
 .comment       0x0000000000000033       0x34 CMakeFiles/main.dir/home/bagieta/Desktop/pico-sdk/src/rp2_common/hardware_irq/irq.c.obj
 .comment       0x0000000000000033       0x34 CMakeFiles/main.dir/home/bagieta/Desktop/pico-sdk/src/common/pico_sync/lock_core.c.obj
 .comment       0x0000000000000033       0x34 CMakeFiles/main.dir/home/bagieta/Desktop/pico-sdk/src/common/pico_sync/mutex.c.obj
 .comment       0x0000000000000033       0x34 CMakeFiles/main.dir/home/bagieta/Desktop/pico-sdk/src/common/pico_time/time.c.obj
 .comment       0x0000000000000033       0x34 CMakeFiles/main.dir/home/bagieta/Desktop/pico-sdk/src/rp2_common/hardware_timer/timer.c.obj
 .comment       0x0000000000000033       0x34 CMakeFiles/main.dir/home/bagieta/Desktop/pico-sdk/src/common/pico_util/pheap.c.obj
 .comment       0x0000000000000033       0x34 CMakeFiles/main.dir/home/bagieta/Desktop/pico-sdk/src/rp2_common/hardware_uart/uart.c.obj
 .comment       0x0000000000000033       0x34 CMakeFiles/main.dir/home/bagieta/Desktop/pico-sdk/src/rp2_common/hardware_clocks/clocks.c.obj
 .comment       0x0000000000000033       0x34 CMakeFiles/main.dir/home/bagieta/Desktop/pico-sdk/src/rp2_common/hardware_pll/pll.c.obj
 .comment       0x0000000000000033       0x34 CMakeFiles/main.dir/home/bagieta/Desktop/pico-sdk/src/rp2_common/hardware_watchdog/watchdog.c.obj
 .comment       0x0000000000000033       0x34 CMakeFiles/main.dir/home/bagieta/Desktop/pico-sdk/src/rp2_common/hardware_xosc/xosc.c.obj
 .comment       0x0000000000000033       0x34 CMakeFiles/main.dir/home/bagieta/Desktop/pico-sdk/src/rp2_common/pico_runtime/runtime.c.obj
 .comment       0x0000000000000033       0x34 CMakeFiles/main.dir/home/bagieta/Desktop/pico-sdk/src/rp2_common/pico_printf/printf.c.obj
 .comment       0x0000000000000033       0x34 CMakeFiles/main.dir/home/bagieta/Desktop/pico-sdk/src/rp2_common/pico_bootrom/bootrom.c.obj
 .comment       0x0000000000000033       0x34 CMakeFiles/main.dir/home/bagieta/Desktop/pico-sdk/src/rp2_common/pico_double/double_init_rom.c.obj
 .comment       0x0000000000000033       0x34 CMakeFiles/main.dir/home/bagieta/Desktop/pico-sdk/src/rp2_common/pico_float/float_init_rom.c.obj
 .comment       0x0000000000000033       0x34 CMakeFiles/main.dir/home/bagieta/Desktop/pico-sdk/src/rp2_common/pico_standard_link/binary_info.c.obj
 .comment       0x0000000000000033       0x34 CMakeFiles/main.dir/home/bagieta/Desktop/pico-sdk/src/rp2_common/pico_stdio/stdio.c.obj
 .comment       0x0000000000000033       0x34 CMakeFiles/main.dir/home/bagieta/Desktop/pico-sdk/src/rp2_common/pico_stdio_uart/stdio_uart.c.obj
 .comment       0x0000000000000033       0x34 CMakeFiles/main.dir/home/bagieta/Desktop/pico-sdk/src/rp2_common/hardware_adc/adc.c.obj
 .comment       0x0000000000000033       0x34 /usr/lib/gcc/arm-none-eabi/10.3.1/../../../arm-none-eabi/lib/thumb/v6-m/nofp/libg.a(lib_a-strlen-stub.o)
 .comment       0x0000000000000033       0x34 /usr/lib/gcc/arm-none-eabi/10.3.1/thumb/v6-m/nofp/crtend.o

.debug_info     0x0000000000000000    0x162fe
 .debug_info    0x0000000000000000      0xca7 CMakeFiles/main.dir/main.cpp.obj
 .debug_info    0x0000000000000ca7     0x185a CMakeFiles/main.dir/home/bagieta/Desktop/pico-sdk/src/rp2_common/hardware_gpio/gpio.c.obj
 .debug_info    0x0000000000002501      0x1cb CMakeFiles/main.dir/home/bagieta/Desktop/pico-sdk/src/rp2_common/pico_platform/platform.c.obj
 .debug_info    0x00000000000026cc      0x6a6 CMakeFiles/main.dir/home/bagieta/Desktop/pico-sdk/src/rp2_common/hardware_claim/claim.c.obj
 .debug_info    0x0000000000002d72      0x576 CMakeFiles/main.dir/home/bagieta/Desktop/pico-sdk/src/rp2_common/hardware_sync/sync.c.obj
 .debug_info    0x00000000000032e8     0x1c56 CMakeFiles/main.dir/home/bagieta/Desktop/pico-sdk/src/rp2_common/hardware_irq/irq.c.obj
 .debug_info    0x0000000000004f3e      0x198 CMakeFiles/main.dir/home/bagieta/Desktop/pico-sdk/src/common/pico_sync/lock_core.c.obj
 .debug_info    0x00000000000050d6     0x2099 CMakeFiles/main.dir/home/bagieta/Desktop/pico-sdk/src/common/pico_sync/mutex.c.obj
 .debug_info    0x000000000000716f     0x402c CMakeFiles/main.dir/home/bagieta/Desktop/pico-sdk/src/common/pico_time/time.c.obj
 .debug_info    0x000000000000b19b     0x13b4 CMakeFiles/main.dir/home/bagieta/Desktop/pico-sdk/src/rp2_common/hardware_timer/timer.c.obj
 .debug_info    0x000000000000c54f     0x123b CMakeFiles/main.dir/home/bagieta/Desktop/pico-sdk/src/common/pico_util/pheap.c.obj
 .debug_info    0x000000000000d78a      0xdba CMakeFiles/main.dir/home/bagieta/Desktop/pico-sdk/src/rp2_common/hardware_uart/uart.c.obj
 .debug_info    0x000000000000e544      0xf9f CMakeFiles/main.dir/home/bagieta/Desktop/pico-sdk/src/rp2_common/hardware_clocks/clocks.c.obj
 .debug_info    0x000000000000f4e3      0x503 CMakeFiles/main.dir/home/bagieta/Desktop/pico-sdk/src/rp2_common/hardware_pll/pll.c.obj
 .debug_info    0x000000000000f9e6      0x4ee CMakeFiles/main.dir/home/bagieta/Desktop/pico-sdk/src/rp2_common/hardware_watchdog/watchdog.c.obj
 .debug_info    0x000000000000fed4      0x1c0 CMakeFiles/main.dir/home/bagieta/Desktop/pico-sdk/src/rp2_common/hardware_xosc/xosc.c.obj
 .debug_info    0x0000000000010094     0x1053 CMakeFiles/main.dir/home/bagieta/Desktop/pico-sdk/src/rp2_common/pico_runtime/runtime.c.obj
 .debug_info    0x00000000000110e7     0x1a47 CMakeFiles/main.dir/home/bagieta/Desktop/pico-sdk/src/rp2_common/pico_printf/printf.c.obj
 .debug_info    0x0000000000012b2e       0x22 CMakeFiles/main.dir/home/bagieta/Desktop/pico-sdk/src/rp2_common/pico_bit_ops/bit_ops_aeabi.S.obj
 .debug_info    0x0000000000012b50      0x258 CMakeFiles/main.dir/home/bagieta/Desktop/pico-sdk/src/rp2_common/pico_bootrom/bootrom.c.obj
 .debug_info    0x0000000000012da8       0x22 CMakeFiles/main.dir/home/bagieta/Desktop/pico-sdk/src/rp2_common/pico_divider/divider.S.obj
 .debug_info    0x0000000000012dca       0x22 CMakeFiles/main.dir/home/bagieta/Desktop/pico-sdk/src/rp2_common/pico_double/double_aeabi.S.obj
 .debug_info    0x0000000000012dec      0x2a1 CMakeFiles/main.dir/home/bagieta/Desktop/pico-sdk/src/rp2_common/pico_double/double_init_rom.c.obj
 .debug_info    0x000000000001308d       0x22 CMakeFiles/main.dir/home/bagieta/Desktop/pico-sdk/src/rp2_common/pico_double/double_v1_rom_shim.S.obj
 .debug_info    0x00000000000130af       0x26 CMakeFiles/main.dir/home/bagieta/Desktop/pico-sdk/src/rp2_common/pico_int64_ops/pico_int64_ops_aeabi.S.obj
 .debug_info    0x00000000000130d5       0x22 CMakeFiles/main.dir/home/bagieta/Desktop/pico-sdk/src/rp2_common/pico_float/float_aeabi.S.obj
 .debug_info    0x00000000000130f7      0x2bb CMakeFiles/main.dir/home/bagieta/Desktop/pico-sdk/src/rp2_common/pico_float/float_init_rom.c.obj
 .debug_info    0x00000000000133b2       0x22 CMakeFiles/main.dir/home/bagieta/Desktop/pico-sdk/src/rp2_common/pico_float/float_v1_rom_shim.S.obj
 .debug_info    0x00000000000133d4       0x22 CMakeFiles/main.dir/home/bagieta/Desktop/pico-sdk/src/rp2_common/pico_mem_ops/mem_ops_aeabi.S.obj
 .debug_info    0x00000000000133f6       0x22 CMakeFiles/main.dir/home/bagieta/Desktop/pico-sdk/src/rp2_common/pico_standard_link/crt0.S.obj
 .debug_info    0x0000000000013418      0x2cb CMakeFiles/main.dir/home/bagieta/Desktop/pico-sdk/src/rp2_common/pico_standard_link/binary_info.c.obj
 .debug_info    0x00000000000136e3     0x1827 CMakeFiles/main.dir/home/bagieta/Desktop/pico-sdk/src/rp2_common/pico_stdio/stdio.c.obj
 .debug_info    0x0000000000014f0a     0x101f CMakeFiles/main.dir/home/bagieta/Desktop/pico-sdk/src/rp2_common/pico_stdio_uart/stdio_uart.c.obj
 .debug_info    0x0000000000015f29      0x2c1 CMakeFiles/main.dir/home/bagieta/Desktop/pico-sdk/src/rp2_common/hardware_adc/adc.c.obj
 .debug_info    0x00000000000161ea       0x26 /usr/lib/gcc/arm-none-eabi/10.3.1/thumb/v6-m/nofp/libgcc.a(_dvmd_tls.o)
 .debug_info    0x0000000000016210       0xee /usr/lib/gcc/arm-none-eabi/10.3.1/../../../arm-none-eabi/lib/thumb/v6-m/nofp/libg.a(lib_a-strlen-stub.o)

.debug_abbrev   0x0000000000000000     0x450d
 .debug_abbrev  0x0000000000000000      0x2bb CMakeFiles/main.dir/main.cpp.obj
 .debug_abbrev  0x00000000000002bb      0x379 CMakeFiles/main.dir/home/bagieta/Desktop/pico-sdk/src/rp2_common/hardware_gpio/gpio.c.obj
 .debug_abbrev  0x0000000000000634       0xeb CMakeFiles/main.dir/home/bagieta/Desktop/pico-sdk/src/rp2_common/pico_platform/platform.c.obj
 .debug_abbrev  0x000000000000071f      0x2e9 CMakeFiles/main.dir/home/bagieta/Desktop/pico-sdk/src/rp2_common/hardware_claim/claim.c.obj
 .debug_abbrev  0x0000000000000a08      0x21b CMakeFiles/main.dir/home/bagieta/Desktop/pico-sdk/src/rp2_common/hardware_sync/sync.c.obj
 .debug_abbrev  0x0000000000000c23      0x4e7 CMakeFiles/main.dir/home/bagieta/Desktop/pico-sdk/src/rp2_common/hardware_irq/irq.c.obj
 .debug_abbrev  0x000000000000110a      0x116 CMakeFiles/main.dir/home/bagieta/Desktop/pico-sdk/src/common/pico_sync/lock_core.c.obj
 .debug_abbrev  0x0000000000001220      0x397 CMakeFiles/main.dir/home/bagieta/Desktop/pico-sdk/src/common/pico_sync/mutex.c.obj
 .debug_abbrev  0x00000000000015b7      0x571 CMakeFiles/main.dir/home/bagieta/Desktop/pico-sdk/src/common/pico_time/time.c.obj
 .debug_abbrev  0x0000000000001b28      0x3b8 CMakeFiles/main.dir/home/bagieta/Desktop/pico-sdk/src/rp2_common/hardware_timer/timer.c.obj
 .debug_abbrev  0x0000000000001ee0      0x297 CMakeFiles/main.dir/home/bagieta/Desktop/pico-sdk/src/common/pico_util/pheap.c.obj
 .debug_abbrev  0x0000000000002177      0x31c CMakeFiles/main.dir/home/bagieta/Desktop/pico-sdk/src/rp2_common/hardware_uart/uart.c.obj
 .debug_abbrev  0x0000000000002493      0x3c7 CMakeFiles/main.dir/home/bagieta/Desktop/pico-sdk/src/rp2_common/hardware_clocks/clocks.c.obj
 .debug_abbrev  0x000000000000285a      0x1ea CMakeFiles/main.dir/home/bagieta/Desktop/pico-sdk/src/rp2_common/hardware_pll/pll.c.obj
 .debug_abbrev  0x0000000000002a44      0x1a8 CMakeFiles/main.dir/home/bagieta/Desktop/pico-sdk/src/rp2_common/hardware_watchdog/watchdog.c.obj
 .debug_abbrev  0x0000000000002bec      0x109 CMakeFiles/main.dir/home/bagieta/Desktop/pico-sdk/src/rp2_common/hardware_xosc/xosc.c.obj
 .debug_abbrev  0x0000000000002cf5      0x4cb CMakeFiles/main.dir/home/bagieta/Desktop/pico-sdk/src/rp2_common/pico_runtime/runtime.c.obj
 .debug_abbrev  0x00000000000031c0      0x384 CMakeFiles/main.dir/home/bagieta/Desktop/pico-sdk/src/rp2_common/pico_printf/printf.c.obj
 .debug_abbrev  0x0000000000003544       0x12 CMakeFiles/main.dir/home/bagieta/Desktop/pico-sdk/src/rp2_common/pico_bit_ops/bit_ops_aeabi.S.obj
 .debug_abbrev  0x0000000000003556      0x13b CMakeFiles/main.dir/home/bagieta/Desktop/pico-sdk/src/rp2_common/pico_bootrom/bootrom.c.obj
 .debug_abbrev  0x0000000000003691       0x12 CMakeFiles/main.dir/home/bagieta/Desktop/pico-sdk/src/rp2_common/pico_divider/divider.S.obj
 .debug_abbrev  0x00000000000036a3       0x12 CMakeFiles/main.dir/home/bagieta/Desktop/pico-sdk/src/rp2_common/pico_double/double_aeabi.S.obj
 .debug_abbrev  0x00000000000036b5      0x179 CMakeFiles/main.dir/home/bagieta/Desktop/pico-sdk/src/rp2_common/pico_double/double_init_rom.c.obj
 .debug_abbrev  0x000000000000382e       0x12 CMakeFiles/main.dir/home/bagieta/Desktop/pico-sdk/src/rp2_common/pico_double/double_v1_rom_shim.S.obj
 .debug_abbrev  0x0000000000003840       0x14 CMakeFiles/main.dir/home/bagieta/Desktop/pico-sdk/src/rp2_common/pico_int64_ops/pico_int64_ops_aeabi.S.obj
 .debug_abbrev  0x0000000000003854       0x12 CMakeFiles/main.dir/home/bagieta/Desktop/pico-sdk/src/rp2_common/pico_float/float_aeabi.S.obj
 .debug_abbrev  0x0000000000003866      0x18c CMakeFiles/main.dir/home/bagieta/Desktop/pico-sdk/src/rp2_common/pico_float/float_init_rom.c.obj
 .debug_abbrev  0x00000000000039f2       0x12 CMakeFiles/main.dir/home/bagieta/Desktop/pico-sdk/src/rp2_common/pico_float/float_v1_rom_shim.S.obj
 .debug_abbrev  0x0000000000003a04       0x12 CMakeFiles/main.dir/home/bagieta/Desktop/pico-sdk/src/rp2_common/pico_mem_ops/mem_ops_aeabi.S.obj
 .debug_abbrev  0x0000000000003a16       0x12 CMakeFiles/main.dir/home/bagieta/Desktop/pico-sdk/src/rp2_common/pico_standard_link/crt0.S.obj
 .debug_abbrev  0x0000000000003a28       0xad CMakeFiles/main.dir/home/bagieta/Desktop/pico-sdk/src/rp2_common/pico_standard_link/binary_info.c.obj
 .debug_abbrev  0x0000000000003ad5      0x4a5 CMakeFiles/main.dir/home/bagieta/Desktop/pico-sdk/src/rp2_common/pico_stdio/stdio.c.obj
 .debug_abbrev  0x0000000000003f7a      0x3e8 CMakeFiles/main.dir/home/bagieta/Desktop/pico-sdk/src/rp2_common/pico_stdio_uart/stdio_uart.c.obj
 .debug_abbrev  0x0000000000004362      0x108 CMakeFiles/main.dir/home/bagieta/Desktop/pico-sdk/src/rp2_common/hardware_adc/adc.c.obj
 .debug_abbrev  0x000000000000446a       0x14 /usr/lib/gcc/arm-none-eabi/10.3.1/thumb/v6-m/nofp/libgcc.a(_dvmd_tls.o)
 .debug_abbrev  0x000000000000447e       0x8f /usr/lib/gcc/arm-none-eabi/10.3.1/../../../arm-none-eabi/lib/thumb/v6-m/nofp/libg.a(lib_a-strlen-stub.o)

.debug_loc      0x0000000000000000     0xef1b
 .debug_loc     0x0000000000000000      0x2e8 CMakeFiles/main.dir/main.cpp.obj
 .debug_loc     0x00000000000002e8     0x1237 CMakeFiles/main.dir/home/bagieta/Desktop/pico-sdk/src/rp2_common/hardware_gpio/gpio.c.obj
 .debug_loc     0x000000000000151f       0xe9 CMakeFiles/main.dir/home/bagieta/Desktop/pico-sdk/src/rp2_common/pico_platform/platform.c.obj
 .debug_loc     0x0000000000001608      0x45f CMakeFiles/main.dir/home/bagieta/Desktop/pico-sdk/src/rp2_common/hardware_claim/claim.c.obj
 .debug_loc     0x0000000000001a67      0x233 CMakeFiles/main.dir/home/bagieta/Desktop/pico-sdk/src/rp2_common/hardware_sync/sync.c.obj
 .debug_loc     0x0000000000001c9a     0x13f5 CMakeFiles/main.dir/home/bagieta/Desktop/pico-sdk/src/rp2_common/hardware_irq/irq.c.obj
 .debug_loc     0x000000000000308f       0x60 CMakeFiles/main.dir/home/bagieta/Desktop/pico-sdk/src/common/pico_sync/lock_core.c.obj
 .debug_loc     0x00000000000030ef     0x152e CMakeFiles/main.dir/home/bagieta/Desktop/pico-sdk/src/common/pico_sync/mutex.c.obj
 .debug_loc     0x000000000000461d     0x31e5 CMakeFiles/main.dir/home/bagieta/Desktop/pico-sdk/src/common/pico_time/time.c.obj
 .debug_loc     0x0000000000007802      0xacb CMakeFiles/main.dir/home/bagieta/Desktop/pico-sdk/src/rp2_common/hardware_timer/timer.c.obj
 .debug_loc     0x00000000000082cd     0x1446 CMakeFiles/main.dir/home/bagieta/Desktop/pico-sdk/src/common/pico_util/pheap.c.obj
 .debug_loc     0x0000000000009713      0x83b CMakeFiles/main.dir/home/bagieta/Desktop/pico-sdk/src/rp2_common/hardware_uart/uart.c.obj
 .debug_loc     0x0000000000009f4e      0x832 CMakeFiles/main.dir/home/bagieta/Desktop/pico-sdk/src/rp2_common/hardware_clocks/clocks.c.obj